Archive member included to satisfy reference by file (symbol)

c:/clion_stm32/gcc-arm-none-eabi-10.3-2021.10/bin/../lib/gcc/arm-none-eabi/10.3.1/thumb/v7-m/nofp\libgcc.a(_arm_muldf3.o)
                              CMakeFiles/BalanceCar.elf.dir/Core/Src/inv_mpu.c.obj (__aeabi_dmul)
c:/clion_stm32/gcc-arm-none-eabi-10.3-2021.10/bin/../lib/gcc/arm-none-eabi/10.3.1/thumb/v7-m/nofp\libgcc.a(_arm_mulsf3.o)
                              CMakeFiles/BalanceCar.elf.dir/Core/Src/inv_mpu.c.obj (__aeabi_fmul)
c:/clion_stm32/gcc-arm-none-eabi-10.3-2021.10/bin/../lib/gcc/arm-none-eabi/10.3.1/thumb/v7-m/nofp\libgcc.a(_arm_addsubdf3.o)
                              CMakeFiles/BalanceCar.elf.dir/Core/Src/oled.c.obj (__aeabi_dsub)
c:/clion_stm32/gcc-arm-none-eabi-10.3-2021.10/bin/../lib/gcc/arm-none-eabi/10.3.1/thumb/v7-m/nofp\libgcc.a(_arm_muldivdf3.o)
                              CMakeFiles/BalanceCar.elf.dir/Core/Src/mpu6050.c.obj (__aeabi_ddiv)
c:/clion_stm32/gcc-arm-none-eabi-10.3-2021.10/bin/../lib/gcc/arm-none-eabi/10.3.1/thumb/v7-m/nofp\libgcc.a(_arm_cmpdf2.o)
                              CMakeFiles/BalanceCar.elf.dir/Core/Src/oled.c.obj (__aeabi_dcmplt)
c:/clion_stm32/gcc-arm-none-eabi-10.3-2021.10/bin/../lib/gcc/arm-none-eabi/10.3.1/thumb/v7-m/nofp\libgcc.a(_arm_fixdfsi.o)
                              CMakeFiles/BalanceCar.elf.dir/Core/Src/oled.c.obj (__aeabi_d2iz)
c:/clion_stm32/gcc-arm-none-eabi-10.3-2021.10/bin/../lib/gcc/arm-none-eabi/10.3.1/thumb/v7-m/nofp\libgcc.a(_arm_fixunsdfsi.o)
                              CMakeFiles/BalanceCar.elf.dir/Core/Src/oled.c.obj (__aeabi_d2uiz)
c:/clion_stm32/gcc-arm-none-eabi-10.3-2021.10/bin/../lib/gcc/arm-none-eabi/10.3.1/thumb/v7-m/nofp\libgcc.a(_arm_truncdfsf2.o)
                              CMakeFiles/BalanceCar.elf.dir/Core/Src/inv_mpu.c.obj (__aeabi_d2f)
c:/clion_stm32/gcc-arm-none-eabi-10.3-2021.10/bin/../lib/gcc/arm-none-eabi/10.3.1/thumb/v7-m/nofp\libgcc.a(_arm_addsubsf3.o)
                              CMakeFiles/BalanceCar.elf.dir/Core/Src/inv_mpu.c.obj (__aeabi_fsub)
c:/clion_stm32/gcc-arm-none-eabi-10.3-2021.10/bin/../lib/gcc/arm-none-eabi/10.3.1/thumb/v7-m/nofp\libgcc.a(_arm_muldivsf3.o)
                              CMakeFiles/BalanceCar.elf.dir/Core/Src/inv_mpu.c.obj (__aeabi_fdiv)
c:/clion_stm32/gcc-arm-none-eabi-10.3-2021.10/bin/../lib/gcc/arm-none-eabi/10.3.1/thumb/v7-m/nofp\libgcc.a(_arm_cmpsf2.o)
                              CMakeFiles/BalanceCar.elf.dir/Core/Src/inv_mpu.c.obj (__aeabi_fcmpeq)
c:/clion_stm32/gcc-arm-none-eabi-10.3-2021.10/bin/../lib/gcc/arm-none-eabi/10.3.1/thumb/v7-m/nofp\libgcc.a(_arm_fixsfsi.o)
                              CMakeFiles/BalanceCar.elf.dir/Core/Src/inv_mpu.c.obj (__aeabi_f2iz)
c:/clion_stm32/gcc-arm-none-eabi-10.3-2021.10/bin/../lib/gcc/arm-none-eabi/10.3.1/thumb/v7-m/nofp\libgcc.a(_arm_fixunssfsi.o)
                              CMakeFiles/BalanceCar.elf.dir/Core/Src/inv_mpu_dmp_motion_driver.c.obj (__aeabi_f2uiz)
c:/clion_stm32/gcc-arm-none-eabi-10.3-2021.10/bin/../lib/gcc/arm-none-eabi/10.3.1/thumb/v7-m/nofp\libgcc.a(_aeabi_ldivmod.o)
                              CMakeFiles/BalanceCar.elf.dir/Core/Src/inv_mpu.c.obj (__aeabi_ldivmod)
c:/clion_stm32/gcc-arm-none-eabi-10.3-2021.10/bin/../lib/gcc/arm-none-eabi/10.3.1/thumb/v7-m/nofp\libgcc.a(_udivmoddi4.o)
                              c:/clion_stm32/gcc-arm-none-eabi-10.3-2021.10/bin/../lib/gcc/arm-none-eabi/10.3.1/thumb/v7-m/nofp\libgcc.a(_aeabi_ldivmod.o) (__udivmoddi4)
c:/clion_stm32/gcc-arm-none-eabi-10.3-2021.10/bin/../lib/gcc/arm-none-eabi/10.3.1/thumb/v7-m/nofp\libgcc.a(_dvmd_tls.o)
                              c:/clion_stm32/gcc-arm-none-eabi-10.3-2021.10/bin/../lib/gcc/arm-none-eabi/10.3.1/thumb/v7-m/nofp\libgcc.a(_aeabi_ldivmod.o) (__aeabi_ldiv0)
c:/clion_stm32/gcc-arm-none-eabi-10.3-2021.10/bin/../lib/gcc/arm-none-eabi/10.3.1/../../../../arm-none-eabi/lib/thumb/v7-m/nofp\libg.a(lib_a-errno.o)
                              CMakeFiles/BalanceCar.elf.dir/Core/Src/retarget.c.obj (__errno)
c:/clion_stm32/gcc-arm-none-eabi-10.3-2021.10/bin/../lib/gcc/arm-none-eabi/10.3.1/../../../../arm-none-eabi/lib/thumb/v7-m/nofp\libg.a(lib_a-exit.o)
                              c:/clion_stm32/gcc-arm-none-eabi-10.3-2021.10/bin/../lib/gcc/arm-none-eabi/10.3.1/../../../../arm-none-eabi/lib/thumb/v7-m/nofp/crt0.o (exit)
c:/clion_stm32/gcc-arm-none-eabi-10.3-2021.10/bin/../lib/gcc/arm-none-eabi/10.3.1/../../../../arm-none-eabi/lib/thumb/v7-m/nofp\libg.a(lib_a-impure.o)
                              c:/clion_stm32/gcc-arm-none-eabi-10.3-2021.10/bin/../lib/gcc/arm-none-eabi/10.3.1/../../../../arm-none-eabi/lib/thumb/v7-m/nofp\libg.a(lib_a-exit.o) (_global_impure_ptr)
c:/clion_stm32/gcc-arm-none-eabi-10.3-2021.10/bin/../lib/gcc/arm-none-eabi/10.3.1/../../../../arm-none-eabi/lib/thumb/v7-m/nofp\libg.a(lib_a-init.o)
[...]
Memory Configuration

Name             Origin             Length             Attributes
RAM              0x20000000         0x00005000         xrw
FLASH            0x08000000         0x00010000         xr
*default*        0x00000000         0xffffffff

Linker script and memory map

LOAD c:/clion_stm32/gcc-arm-none-eabi-10.3-2021.10/bin/../lib/gcc/arm-none-eabi/10.3.1/thumb/v7-m/nofp/crti.o
LOAD c:/clion_stm32/gcc-arm-none-eabi-10.3-2021.10/bin/../lib/gcc/arm-none-eabi/10.3.1/thumb/v7-m/nofp/crtbegin.o
LOAD c:/clion_stm32/gcc-arm-none-eabi-10.3-2021.10/bin/../lib/gcc/arm-none-eabi/10.3.1/../../../../arm-none-eabi/lib/thumb/v7-m/nofp/crt0.o
LOAD CMakeFiles/BalanceCar.elf.dir/Core/Src/DataScope_DP.c.obj
LOAD CMakeFiles/BalanceCar.elf.dir/Core/Src/control.c.obj
LOAD CMakeFiles/BalanceCar.elf.dir/Core/Src/delay.c.obj
LOAD CMakeFiles/BalanceCar.elf.dir/Core/Src/encoder.c.obj
LOAD CMakeFiles/BalanceCar.elf.dir/Core/Src/gpio.c.obj
LOAD CMakeFiles/BalanceCar.elf.dir/Core/Src/inv_mpu.c.obj
LOAD CMakeFiles/BalanceCar.elf.dir/Core/Src/inv_mpu_dmp_motion_driver.c.obj
LOAD CMakeFiles/BalanceCar.elf.dir/Core/Src/main.c.obj
LOAD CMakeFiles/BalanceCar.elf.dir/Core/Src/motor.c.obj
LOAD CMakeFiles/BalanceCar.elf.dir/Core/Src/mpu6050.c.obj
LOAD CMakeFiles/BalanceCar.elf.dir/Core/Src/mpuiic.c.obj
LOAD CMakeFiles/BalanceCar.elf.dir/Core/Src/myiic.c.obj
LOAD CMakeFiles/BalanceCar.elf.dir/Core/Src/oled.c.obj
LOAD CMakeFiles/BalanceCar.elf.dir/Core/Src/pid.c.obj
LOAD CMakeFiles/BalanceCar.elf.dir/Core/Src/retarget.c.obj
LOAD CMakeFiles/BalanceCar.elf.dir/Core/Src/stm32f1xx_hal_msp.c.obj
LOAD CMakeFiles/BalanceCar.elf.dir/Core/Src/stm32f1xx_it.c.obj
LOAD CMakeFiles/BalanceCar.elf.dir/Core/Src/syscalls.c.obj
LOAD CMakeFiles/BalanceCar.elf.dir/Core/Src/system_stm32f1xx.c.obj
LOAD CMakeFiles/BalanceCar.elf.dir/Core/Src/tim.c.obj
LOAD CMakeFiles/BalanceCar.elf.dir/Core/Src/usart.c.obj
LOAD CMakeFiles/BalanceCar.elf.dir/Drivers/STM32F1xx_HAL_Driver/Src/stm32f1xx_hal.c.obj
LOAD CMakeFiles/BalanceCar.elf.dir/Drivers/STM32F1xx_HAL_Driver/Src/stm32f1xx_hal_cortex.c.obj
LOAD CMakeFiles/BalanceCar.elf.dir/Drivers/STM32F1xx_HAL_Driver/Src/stm32f1xx_hal_dma.c.obj
LOAD CMakeFiles/BalanceCar.elf.dir/Drivers/STM32F1xx_HAL_Driver/Src/stm32f1xx_hal_exti.c.obj
LOAD CMakeFiles/BalanceCar.elf.dir/Drivers/STM32F1xx_HAL_Driver/Src/stm32f1xx_hal_flash.c.obj
LOAD CMakeFiles/BalanceCar.elf.dir/Drivers/STM32F1xx_HAL_Driver/Src/stm32f1xx_hal_flash_ex.c.obj
LOAD CMakeFiles/BalanceCar.elf.dir/Drivers/STM32F1xx_HAL_Driver/Src/stm32f1xx_hal_gpio.c.obj
LOAD CMakeFiles/BalanceCar.elf.dir/Drivers/STM32F1xx_HAL_Driver/Src/stm32f1xx_hal_gpio_ex.c.obj
LOAD CMakeFiles/BalanceCar.elf.dir/Drivers/STM32F1xx_HAL_Driver/Src/stm32f1xx_hal_pwr.c.obj
LOAD CMakeFiles/BalanceCar.elf.dir/Drivers/STM32F1xx_HAL_Driver/Src/stm32f1xx_hal_rcc.c.obj
LOAD CMakeFiles/BalanceCar.elf.dir/Drivers/STM32F1xx_HAL_Driver/Src/stm32f1xx_hal_rcc_ex.c.obj
LOAD CMakeFiles/BalanceCar.elf.dir/Drivers/STM32F1xx_HAL_Driver/Src/stm32f1xx_hal_tim.c.obj
LOAD CMakeFiles/BalanceCar.elf.dir/Drivers/STM32F1xx_HAL_Driver/Src/stm32f1xx_hal_tim_ex.c.obj
LOAD CMakeFiles/BalanceCar.elf.dir/Drivers/STM32F1xx_HAL_Driver/Src/stm32f1xx_hal_uart.c.obj
LOAD CMakeFiles/BalanceCar.elf.dir/startup/startup_stm32f103xb.s.obj
START GROUP
LOAD c:/clion_stm32/gcc-arm-none-eabi-10.3-2021.10/bin/../lib/gcc/arm-none-eabi/10.3.1/thumb/v7-m/nofp\libgcc.a
LOAD c:/clion_stm32/gcc-arm-none-eabi-10.3-2021.10/bin/../lib/gcc/arm-none-eabi/10.3.1/../../../../arm-none-eabi/lib/thumb/v7-m/nofp\libg.a
LOAD c:/clion_stm32/gcc-arm-none-eabi-10.3-2021.10/bin/../lib/gcc/arm-none-eabi/10.3.1/../../../../arm-none-eabi/lib/thumb/v7-m/nofp\libc.a
END GROUP
LOAD c:/clion_stm32/gcc-arm-none-eabi-10.3-2021.10/bin/../lib/gcc/arm-none-eabi/10.3.1/thumb/v7-m/nofp/crtend.o
LOAD c:/clion_stm32/gcc-arm-none-eabi-10.3-2021.10/bin/../lib/gcc/arm-none-eabi/10.3.1/thumb/v7-m/nofp/crtn.o
                0x20005000                _estack = 0x20005000
                0x00000200                _Min_Heap_Size = 0x200
                0x00000400                _Min_Stack_Size = 0x400

.isr_vector     0x08000000      0x10c
                0x08000000                . = ALIGN (0x4)
 *(.isr_vector)
 .isr_vector    0x08000000      0x10c CMakeFiles/BalanceCar.elf.dir/startup/startup_stm32f103xb.s.obj
                0x08000000                g_pfnVectors
                0x0800010c                . = ALIGN (0x4)

.text           0x08000110     0xcbe4
                0x08000110                . = ALIGN (0x4)
 *(.text)
 .text          0x08000110       0x40 c:/clion_stm32/gcc-arm-none-eabi-10.3-2021.10/bin/../lib/gcc/arm-none-eabi/10.3.1/thumb/v7-m/nofp/crtbegin.o
 .text          0x08000150      0x378 c:/clion_stm32/gcc-arm-none-eabi-10.3-2021.10/bin/../lib/gcc/arm-none-eabi/10.3.1/thumb/v7-m/nofp\libgcc.a(_arm_addsubdf3.o)
                0x08000150                __aeabi_drsub
                0x08000158                __aeabi_dsub
                0x08000158                __subdf3
                0x0800015c                __aeabi_dadd
                0x0800015c                __adddf3
                0x080003d4                __floatunsidf
                0x080003d4                __aeabi_ui2d
                0x080003f4                __floatsidf
                0x080003f4                __aeabi_i2d
                0x08000418                __aeabi_f2d
                0x08000418                __extendsfdf2
                0x0800045c                __floatundidf
                0x0800045c                __aeabi_ul2d
                0x0800046c                __floatdidf
                0x0800046c                __aeabi_l2d
 .text          0x080004c8      0x424 c:/clion_stm32/gcc-arm-none-eabi-10.3-2021.10/bin/../lib/gcc/arm-none-eabi/10.3.1/thumb/v7-m/nofp\libgcc.a(_arm_muldivdf3.o)
                0x080004c8                __aeabi_dmul
                0x080004c8                __muldf3
                0x0800071c                __divdf3
                0x0800071c                __aeabi_ddiv
 .text          0x080008ec      0x110 c:/clion_stm32/gcc-arm-none-eabi-10.3-2021.10/bin/../lib/gcc/arm-none-eabi/10.3.1/thumb/v7-m/nofp\libgcc.a(_arm_cmpdf2.o)
                0x080008ec                __gtdf2
                0x080008ec                __gedf2
                0x080008f4                __ltdf2
                0x080008f4                __ledf2
                0x080008fc                __nedf2
                0x080008fc                __eqdf2
                0x080008fc                __cmpdf2
                0x08000978                __aeabi_cdrcmple
                0x08000988                __aeabi_cdcmpeq
                0x08000988                __aeabi_cdcmple
                0x08000998                __aeabi_dcmpeq
                0x080009ac                __aeabi_dcmplt
                0x080009c0                __aeabi_dcmple
                0x080009d4                __aeabi_dcmpge
                0x080009e8                __aeabi_dcmpgt
 .text          0x080009fc       0x50 c:/clion_stm32/gcc-arm-none-eabi-10.3-2021.10/bin/../lib/gcc/arm-none-eabi/10.3.1/thumb/v7-m/nofp\libgcc.a(_arm_fixdfsi.o)
                0x080009fc                __aeabi_d2iz
                0x080009fc                __fixdfsi
 .text          0x08000a4c       0x40 c:/clion_stm32/gcc-arm-none-eabi-10.3-2021.10/bin/../lib/gcc/arm-none-eabi/10.3.1/thumb/v7-m/nofp\libgcc.a(_arm_fixunsdfsi.o)
                0x08000a4c                __aeabi_d2uiz
                0x08000a4c                __fixunsdfsi
 .text          0x08000a8c       0xa0 c:/clion_stm32/gcc-arm-none-eabi-10.3-2021.10/bin/../lib/gcc/arm-none-eabi/10.3.1/thumb/v7-m/nofp\libgcc.a(_arm_truncdfsf2.o)
                0x08000a8c                __truncdfsf2
                0x08000a8c                __aeabi_d2f
 .text          0x08000b2c      0x21c c:/clion_stm32/gcc-arm-none-eabi-10.3-2021.10/bin/../lib/gcc/arm-none-eabi/10.3.1/thumb/v7-m/nofp\libgcc.a(_arm_addsubsf3.o)
                0x08000b2c                __aeabi_frsub
                0x08000b34                __subsf3
                0x08000b34                __aeabi_fsub
                0x08000b38                __aeabi_fadd
                0x08000b38                __addsf3
                0x08000c98                __aeabi_ui2f
                0x08000c98                __floatunsisf
                0x08000ca0                __aeabi_i2f
                0x08000ca0                __floatsisf
                0x08000cbc                __aeabi_ul2f
                0x08000cbc                __floatundisf
                0x08000ccc                __aeabi_l2f
                0x08000ccc                __floatdisf
 .text          0x08000d48      0x2a0 c:/clion_stm32/gcc-arm-none-eabi-10.3-2021.10/bin/../lib/gcc/arm-none-eabi/10.3.1/thumb/v7-m/nofp\libgcc.a(_arm_muldivsf3.o)
                0x08000d48                __mulsf3
                0x08000d48                __aeabi_fmul
                0x08000eb0                __aeabi_fdiv
                0x08000eb0                __divsf3
 .text          0x08000fe8       0xec c:/clion_stm32/gcc-arm-none-eabi-10.3-2021.10/bin/../lib/gcc/arm-none-eabi/10.3.1/thumb/v7-m/nofp\libgcc.a(_arm_cmpsf2.o)
                0x08000fe8                __gesf2
                0x08000fe8                __gtsf2
                0x08000ff0                __lesf2
                0x08000ff0                __ltsf2
                0x08000ff8                __nesf2
                0x08000ff8                __eqsf2
                0x08000ff8                __cmpsf2
                0x08001058                __aeabi_cfrcmple
                0x08001060                __aeabi_cfcmpeq
                0x08001060                __aeabi_cfcmple
                0x08001070                __aeabi_fcmpeq
                0x08001084                __aeabi_fcmplt
                0x08001098                __aeabi_fcmple
                0x080010ac                __aeabi_fcmpge
                0x080010c0                __aeabi_fcmpgt
 .text          0x080010d4       0x4c c:/clion_stm32/gcc-arm-none-eabi-10.3-2021.10/bin/../lib/gcc/arm-none-eabi/10.3.1/thumb/v7-m/nofp\libgcc.a(_arm_fixsfsi.o)
                0x080010d4                __aeabi_f2iz
                0x080010d4                __fixsfsi
 .text          0x08001120       0x40 c:/clion_stm32/gcc-arm-none-eabi-10.3-2021.10/bin/../lib/gcc/arm-none-eabi/10.3.1/thumb/v7-m/nofp\libgcc.a(_arm_fixunssfsi.o)
                0x08001120                __fixunssfsi
                0x08001120                __aeabi_f2uiz
 .text          0x08001160       0xa0 c:/clion_stm32/gcc-arm-none-eabi-10.3-2021.10/bin/../lib/gcc/arm-none-eabi/10.3.1/thumb/v7-m/nofp\libgcc.a(_aeabi_ldivmod.o)
                0x08001160                __aeabi_ldivmod
 .text          0x08001200      0x2d4 c:/clion_stm32/gcc-arm-none-eabi-10.3-2021.10/bin/../lib/gcc/arm-none-eabi/10.3.1/thumb/v7-m/nofp\libgcc.a(_udivmoddi4.o)
                0x08001200                __udivmoddi4
 .text          0x080014d4        0x4 c:/clion_stm32/gcc-arm-none-eabi-10.3-2021.10/bin/../lib/gcc/arm-none-eabi/10.3.1/thumb/v7-m/nofp\libgcc.a(_dvmd_tls.o)
                0x080014d4                __aeabi_idiv0
                0x080014d4                __aeabi_ldiv0
 .text          0x080014d8       0xec c:/clion_stm32/gcc-arm-none-eabi-10.3-2021.10/bin/../lib/gcc/arm-none-eabi/10.3.1/../../../../arm-none-eabi/lib/thumb/v7-m/nofp\libg.a(lib_a-memcpy.o)
                0x080014d8                memcpy
 .text          0x080015c4       0x2c c:/clion_stm32/gcc-arm-none-eabi-10.3-2021.10/bin/../lib/gcc/arm-none-eabi/10.3.1/thumb/v7-m/nofp\libgcc.a(_arm_unorddf2.o)
                0x080015c4                __unorddf2
                0x080015c4                __aeabi_dcmpun
 .text          0x080015f0       0x30 c:/clion_stm32/gcc-arm-none-eabi-10.3-2021.10/bin/../lib/gcc/arm-none-eabi/10.3.1/thumb/v7-m/nofp\libgcc.a(_aeabi_uldivmod.o)
                0x080015f0                __aeabi_uldivmod
 *(.text*)
 .text.LimitPWM
                0x08001620       0x1c CMakeFiles/BalanceCar.elf.dir/Core/Src/control.c.obj
                0x08001620                LimitPWM
 .text.BalancePIDCtrl
                0x0800163c       0x48 CMakeFiles/BalanceCar.elf.dir/Core/Src/control.c.obj
                0x0800163c                BalancePIDCtrl
 .text.delay_init
                0x08001684       0x14 CMakeFiles/BalanceCar.elf.dir/Core/Src/delay.c.obj
                0x08001684                delay_init
 .text.delay_us
                0x08001698       0x3c CMakeFiles/BalanceCar.elf.dir/Core/Src/delay.c.obj
                0x08001698                delay_us
 .text.delay_ms
                0x080016d4       0x18 CMakeFiles/BalanceCar.elf.dir/Core/Src/delay.c.obj
                0x080016d4                delay_ms
 .text.ReadEncoder
                0x080016ec       0x2c CMakeFiles/BalanceCar.elf.dir/Core/Src/encoder.c.obj
                0x080016ec                ReadEncoder
 .text.MX_GPIO_Init
                0x08001718       0xf8 CMakeFiles/BalanceCar.elf.dir/Core/Src/gpio.c.obj
                0x08001718                MX_GPIO_Init
 .text.get_accel_prod_shift
                0x08001810       0xc4 CMakeFiles/BalanceCar.elf.dir/Core/Src/inv_mpu.c.obj
 .text.accel_self_test
                0x080018d4       0xa8 CMakeFiles/BalanceCar.elf.dir/Core/Src/inv_mpu.c.obj
 .text.gyro_self_test
                0x0800197c      0x100 CMakeFiles/BalanceCar.elf.dir/Core/Src/inv_mpu.c.obj
 .text.set_int_enable
                0x08001a7c       0x98 CMakeFiles/BalanceCar.elf.dir/Core/Src/inv_mpu.c.obj
 .text.get_st_biases
                0x08001b14      0x428 CMakeFiles/BalanceCar.elf.dir/Core/Src/inv_mpu.c.obj
 .text.mpu_reset_fifo
                0x08001f3c      0x1f8 CMakeFiles/BalanceCar.elf.dir/Core/Src/inv_mpu.c.obj
                0x08001f3c                mpu_reset_fifo
 .text.mpu_get_gyro_fsr
                0x08002134       0x3c CMakeFiles/BalanceCar.elf.dir/Core/Src/inv_mpu.c.obj
                0x08002134                mpu_get_gyro_fsr
 .text.mpu_set_gyro_fsr
                0x08002170       0x98 CMakeFiles/BalanceCar.elf.dir/Core/Src/inv_mpu.c.obj
                0x08002170                mpu_set_gyro_fsr
 .text.mpu_get_accel_fsr
                0x08002208       0x44 CMakeFiles/BalanceCar.elf.dir/Core/Src/inv_mpu.c.obj
                0x08002208                mpu_get_accel_fsr
 .text.mpu_set_accel_fsr
                0x0800224c       0x94 CMakeFiles/BalanceCar.elf.dir/Core/Src/inv_mpu.c.obj
                0x0800224c                mpu_set_accel_fsr
 .text.mpu_get_lpf
                0x080022e0       0x44 CMakeFiles/BalanceCar.elf.dir/Core/Src/inv_mpu.c.obj
                0x080022e0                mpu_get_lpf
 .text.mpu_set_lpf
                0x08002324       0x94 CMakeFiles/BalanceCar.elf.dir/Core/Src/inv_mpu.c.obj
                0x08002324                mpu_set_lpf
 .text.mpu_get_sample_rate
                0x080023b8       0x1c CMakeFiles/BalanceCar.elf.dir/Core/Src/inv_mpu.c.obj
                0x080023b8                mpu_get_sample_rate
 .text.mpu_get_gyro_sens
                0x080023d4       0x4c CMakeFiles/BalanceCar.elf.dir/Core/Src/inv_mpu.c.obj
                0x080023d4                mpu_get_gyro_sens
 .text.mpu_get_accel_sens
                0x08002420       0x4c CMakeFiles/BalanceCar.elf.dir/Core/Src/inv_mpu.c.obj
                0x08002420                mpu_get_accel_sens
 .text.mpu_get_fifo_config
                0x0800246c       0x10 CMakeFiles/BalanceCar.elf.dir/Core/Src/inv_mpu.c.obj
                0x0800246c                mpu_get_fifo_config
 .text.mpu_configure_fifo
                0x0800247c       0x64 CMakeFiles/BalanceCar.elf.dir/Core/Src/inv_mpu.c.obj
                0x0800247c                mpu_configure_fifo
 .text.mpu_read_fifo_stream
                0x080024e0       0xc0 CMakeFiles/BalanceCar.elf.dir/Core/Src/inv_mpu.c.obj
                0x080024e0                mpu_read_fifo_stream
 .text.mpu_set_bypass
                0x080025a0      0x168 CMakeFiles/BalanceCar.elf.dir/Core/Src/inv_mpu.c.obj
                0x080025a0                mpu_set_bypass
 .text.mpu_set_int_latched
                0x08002708       0x74 CMakeFiles/BalanceCar.elf.dir/Core/Src/inv_mpu.c.obj
                0x08002708                mpu_set_int_latched
 .text.mpu_lp_accel_mode
                0x0800277c       0xdc CMakeFiles/BalanceCar.elf.dir/Core/Src/inv_mpu.c.obj
                0x0800277c                mpu_lp_accel_mode
 .text.mpu_set_sample_rate
                0x08002858       0xa0 CMakeFiles/BalanceCar.elf.dir/Core/Src/inv_mpu.c.obj
                0x08002858                mpu_set_sample_rate
 .text.mpu_set_sensors
                0x080028f8       0xe4 CMakeFiles/BalanceCar.elf.dir/Core/Src/inv_mpu.c.obj
                0x080028f8                mpu_set_sensors
 .text.mpu_init
                0x080029dc      0x1b8 CMakeFiles/BalanceCar.elf.dir/Core/Src/inv_mpu.c.obj
                0x080029dc                mpu_init
 .text.mpu_write_mem
                0x08002b94       0x74 CMakeFiles/BalanceCar.elf.dir/Core/Src/inv_mpu.c.obj
                0x08002b94                mpu_write_mem
 .text.mpu_read_mem
                0x08002c08       0x74 CMakeFiles/BalanceCar.elf.dir/Core/Src/inv_mpu.c.obj
                0x08002c08                mpu_read_mem
 .text.mpu_load_firmware
                0x08002c7c       0xb4 CMakeFiles/BalanceCar.elf.dir/Core/Src/inv_mpu.c.obj
                0x08002c7c                mpu_load_firmware
 .text.mpu_set_dmp_state
                0x08002d30       0x94 CMakeFiles/BalanceCar.elf.dir/Core/Src/inv_mpu.c.obj
                0x08002d30                mpu_set_dmp_state
 .text.mpu_run_self_test
                0x08002dc4      0x104 CMakeFiles/BalanceCar.elf.dir/Core/Src/inv_mpu.c.obj
                0x08002dc4                mpu_run_self_test
 .text.run_self_test
                0x08002ec8       0x88 CMakeFiles/BalanceCar.elf.dir/Core/Src/inv_mpu.c.obj
                0x08002ec8                run_self_test
 .text.inv_row_2_scale
                0x08002f50       0x3a CMakeFiles/BalanceCar.elf.dir/Core/Src/inv_mpu.c.obj
                0x08002f50                inv_row_2_scale
 .text.inv_orientation_matrix_to_scalar
                0x08002f8a       0x24 CMakeFiles/BalanceCar.elf.dir/Core/Src/inv_mpu.c.obj
                0x08002f8a                inv_orientation_matrix_to_scalar
 .text.mget_ms  0x08002fae        0x2 CMakeFiles/BalanceCar.elf.dir/Core/Src/inv_mpu.c.obj
                0x08002fae                mget_ms
 .text.mpu_dmp_init
                0x08002fb0       0xa4 CMakeFiles/BalanceCar.elf.dir/Core/Src/inv_mpu.c.obj
                0x08002fb0                mpu_dmp_init
 *fill*         0x08003054        0x4 
 .text.mpu_dmp_get_pitch
                0x08003058       0xd0 CMakeFiles/BalanceCar.elf.dir/Core/Src/inv_mpu.c.obj
                0x08003058                mpu_dmp_get_pitch
 .text.decode_gesture
                0x08003128       0x3c CMakeFiles/BalanceCar.elf.dir/Core/Src/inv_mpu_dmp_motion_driver.c.obj
 .text.dmp_load_motion_driver_firmware
                0x08003164       0x18 CMakeFiles/BalanceCar.elf.dir/Core/Src/inv_mpu_dmp_motion_driver.c.obj
                0x08003164                dmp_load_motion_driver_firmware
 .text.dmp_set_orientation
                0x0800317c      0x14c CMakeFiles/BalanceCar.elf.dir/Core/Src/inv_mpu_dmp_motion_driver.c.obj
                0x0800317c                dmp_set_orientation
 .text.dmp_set_gyro_bias
                0x080032c8      0x110 CMakeFiles/BalanceCar.elf.dir/Core/Src/inv_mpu_dmp_motion_driver.c.obj
                0x080032c8                dmp_set_gyro_bias
 .text.dmp_set_accel_bias
                0x080033d8       0xf4 CMakeFiles/BalanceCar.elf.dir/Core/Src/inv_mpu_dmp_motion_driver.c.obj
                0x080033d8                dmp_set_accel_bias
 .text.dmp_set_fifo_rate
                0x080034cc       0x68 CMakeFiles/BalanceCar.elf.dir/Core/Src/inv_mpu_dmp_motion_driver.c.obj
                0x080034cc                dmp_set_fifo_rate
 .text.dmp_set_tap_thresh
                0x08003534      0x1a0 CMakeFiles/BalanceCar.elf.dir/Core/Src/inv_mpu_dmp_motion_driver.c.obj
                0x08003534                dmp_set_tap_thresh
 .text.dmp_set_tap_axes
                0x080036d4       0x4e CMakeFiles/BalanceCar.elf.dir/Core/Src/inv_mpu_dmp_motion_driver.c.obj
                0x080036d4                dmp_set_tap_axes
 .text.dmp_set_tap_count
                0x08003722       0x2c CMakeFiles/BalanceCar.elf.dir/Core/Src/inv_mpu_dmp_motion_driver.c.obj
                0x08003722                dmp_set_tap_count
 *fill*         0x0800374e        0x2 
 .text.dmp_set_tap_time
                0x08003750       0x30 CMakeFiles/BalanceCar.elf.dir/Core/Src/inv_mpu_dmp_motion_driver.c.obj
                0x08003750                dmp_set_tap_time
 .text.dmp_set_tap_time_multi
                0x08003780       0x30 CMakeFiles/BalanceCar.elf.dir/Core/Src/inv_mpu_dmp_motion_driver.c.obj
                0x08003780                dmp_set_tap_time_multi
 .text.dmp_set_shake_reject_thresh
                0x080037b0       0x44 CMakeFiles/BalanceCar.elf.dir/Core/Src/inv_mpu_dmp_motion_driver.c.obj
                0x080037b0                dmp_set_shake_reject_thresh
 .text.dmp_set_shake_reject_time
                0x080037f4       0x2c CMakeFiles/BalanceCar.elf.dir/Core/Src/inv_mpu_dmp_motion_driver.c.obj
                0x080037f4                dmp_set_shake_reject_time
 .text.dmp_set_shake_reject_timeout
                0x08003820       0x2c CMakeFiles/BalanceCar.elf.dir/Core/Src/inv_mpu_dmp_motion_driver.c.obj
                0x08003820                dmp_set_shake_reject_timeout
 .text.dmp_enable_gyro_cal
                0x0800384c       0x44 CMakeFiles/BalanceCar.elf.dir/Core/Src/inv_mpu_dmp_motion_driver.c.obj
                0x0800384c                dmp_enable_gyro_cal
 .text.dmp_enable_lp_quat
                0x08003890       0x3c CMakeFiles/BalanceCar.elf.dir/Core/Src/inv_mpu_dmp_motion_driver.c.obj
                0x08003890                dmp_enable_lp_quat
 .text.dmp_enable_6x_lp_quat
                0x080038cc       0x3c CMakeFiles/BalanceCar.elf.dir/Core/Src/inv_mpu_dmp_motion_driver.c.obj
                0x080038cc                dmp_enable_6x_lp_quat
 .text.dmp_enable_feature
                0x08003908      0x218 CMakeFiles/BalanceCar.elf.dir/Core/Src/inv_mpu_dmp_motion_driver.c.obj
                0x08003908                dmp_enable_feature
 .text.dmp_read_fifo
                0x08003b20      0x1f4 CMakeFiles/BalanceCar.elf.dir/Core/Src/inv_mpu_dmp_motion_driver.c.obj
                0x08003b20                dmp_read_fifo
 .text.Error_Handler
                0x08003d14        0x4 CMakeFiles/BalanceCar.elf.dir/Core/Src/main.c.obj
                0x08003d14                Error_Handler
 .text.SystemClock_Config
                0x08003d18       0x64 CMakeFiles/BalanceCar.elf.dir/Core/Src/main.c.obj
                0x08003d18                SystemClock_Config
 *fill*         0x08003d7c        0x4 
 .text.main     0x08003d80      0x164 CMakeFiles/BalanceCar.elf.dir/Core/Src/main.c.obj
                0x08003d80                main
 .text.MotorSetPWM
                0x08003ee4       0x40 CMakeFiles/BalanceCar.elf.dir/Core/Src/motor.c.obj
                0x08003ee4                MotorSetPWM
 .text.MPU_Write_Len
                0x08003f24       0x62 CMakeFiles/BalanceCar.elf.dir/Core/Src/mpu6050.c.obj
                0x08003f24                MPU_Write_Len
 .text.MPU_Read_Len
                0x08003f86       0x6c CMakeFiles/BalanceCar.elf.dir/Core/Src/mpu6050.c.obj
                0x08003f86                MPU_Read_Len
 .text.MPU_Write_Byte
                0x08003ff2       0x46 CMakeFiles/BalanceCar.elf.dir/Core/Src/mpu6050.c.obj
                0x08003ff2                MPU_Write_Byte
 .text.MPU_Set_Gyro_Fsr
                0x08004038       0x10 CMakeFiles/BalanceCar.elf.dir/Core/Src/mpu6050.c.obj
                0x08004038                MPU_Set_Gyro_Fsr
 .text.MPU_Set_Accel_Fsr
                0x08004048       0x10 CMakeFiles/BalanceCar.elf.dir/Core/Src/mpu6050.c.obj
                0x08004048                MPU_Set_Accel_Fsr
 .text.MPU_Set_LPF
                0x08004058       0x34 CMakeFiles/BalanceCar.elf.dir/Core/Src/mpu6050.c.obj
                0x08004058                MPU_Set_LPF
 .text.MPU_Set_Rate
                0x0800408c       0x32 CMakeFiles/BalanceCar.elf.dir/Core/Src/mpu6050.c.obj
                0x0800408c                MPU_Set_Rate
 .text.MPU_Read_Byte
                0x080040be       0x3a CMakeFiles/BalanceCar.elf.dir/Core/Src/mpu6050.c.obj
                0x080040be                MPU_Read_Byte
 .text.MPU_Init
                0x080040f8       0xcc CMakeFiles/BalanceCar.elf.dir/Core/Src/mpu6050.c.obj
                0x080040f8                MPU_Init
 .text.MPU_IIC_Delay
                0x080041c4        0xa CMakeFiles/BalanceCar.elf.dir/Core/Src/mpuiic.c.obj
                0x080041c4                MPU_IIC_Delay
 *fill*         0x080041ce        0x2 
 .text.MPU_IIC_Init
                0x080041d0       0x48 CMakeFiles/BalanceCar.elf.dir/Core/Src/mpuiic.c.obj
                0x080041d0                MPU_IIC_Init
 .text.MPU_IIC_Start
                0x08004218       0x3c CMakeFiles/BalanceCar.elf.dir/Core/Src/mpuiic.c.obj
                0x08004218                MPU_IIC_Start
 .text.MPU_IIC_Stop
                0x08004254       0x3c CMakeFiles/BalanceCar.elf.dir/Core/Src/mpuiic.c.obj
                0x08004254                MPU_IIC_Stop
 .text.MPU_IIC_Wait_Ack
                0x08004290       0x54 CMakeFiles/BalanceCar.elf.dir/Core/Src/mpuiic.c.obj
                0x08004290                MPU_IIC_Wait_Ack
 .text.MPU_IIC_Ack
                0x080042e4       0x3c CMakeFiles/BalanceCar.elf.dir/Core/Src/mpuiic.c.obj
                0x080042e4                MPU_IIC_Ack
 .text.MPU_IIC_NAck
                0x08004320       0x3c CMakeFiles/BalanceCar.elf.dir/Core/Src/mpuiic.c.obj
                0x08004320                MPU_IIC_NAck
 .text.MPU_IIC_Send_Byte
                0x0800435c       0x54 CMakeFiles/BalanceCar.elf.dir/Core/Src/mpuiic.c.obj
                0x0800435c                MPU_IIC_Send_Byte
 .text.MPU_IIC_Read_Byte
                0x080043b0       0x64 CMakeFiles/BalanceCar.elf.dir/Core/Src/mpuiic.c.obj
                0x080043b0                MPU_IIC_Read_Byte
 .text.IIC_Init
                0x08004414       0x4c CMakeFiles/BalanceCar.elf.dir/Core/Src/myiic.c.obj
                0x08004414                IIC_Init
 .text.IIC_Start
                0x08004460       0x40 CMakeFiles/BalanceCar.elf.dir/Core/Src/myiic.c.obj
                0x08004460                IIC_Start
 .text.IIC_Stop
                0x080044a0       0x40 CMakeFiles/BalanceCar.elf.dir/Core/Src/myiic.c.obj
                0x080044a0                IIC_Stop
 .text.IIC_Wait_Ack
                0x080044e0       0x58 CMakeFiles/BalanceCar.elf.dir/Core/Src/myiic.c.obj
                0x080044e0                IIC_Wait_Ack
 .text.IIC_Send_Byte
                0x08004538       0x5c CMakeFiles/BalanceCar.elf.dir/Core/Src/myiic.c.obj
                0x08004538                IIC_Send_Byte
 .text.OLED_send_cmd
                0x08004594       0x2c CMakeFiles/BalanceCar.elf.dir/Core/Src/oled.c.obj
                0x08004594                OLED_send_cmd
 .text.OLED_send_data
                0x080045c0       0x2c CMakeFiles/BalanceCar.elf.dir/Core/Src/oled.c.obj
                0x080045c0                OLED_send_data
 .text.Column_set
                0x080045ec       0x18 CMakeFiles/BalanceCar.elf.dir/Core/Src/oled.c.obj
                0x080045ec                Column_set
 .text.Page_set
                0x08004604        0xc CMakeFiles/BalanceCar.elf.dir/Core/Src/oled.c.obj
                0x08004604                Page_set
 .text.OLED_clear
                0x08004610       0x30 CMakeFiles/BalanceCar.elf.dir/Core/Src/oled.c.obj
                0x08004610                OLED_clear
 .text.OLED_init
                0x08004640       0x20 CMakeFiles/BalanceCar.elf.dir/Core/Src/oled.c.obj
                0x08004640                OLED_init
 .text.OLED_SetPos
                0x08004660       0x26 CMakeFiles/BalanceCar.elf.dir/Core/Src/oled.c.obj
                0x08004660                OLED_SetPos
 *fill*         0x08004686        0x2 
 .text.OLED_ShowStr
                0x08004688       0xd8 CMakeFiles/BalanceCar.elf.dir/Core/Src/oled.c.obj
                0x08004688                OLED_ShowStr
 .text.OLED_ShowFloat
                0x08004760      0x21c CMakeFiles/BalanceCar.elf.dir/Core/Src/oled.c.obj
                0x08004760                OLED_ShowFloat
 .text.Position_PD_Balance
                0x0800497c       0x34 CMakeFiles/BalanceCar.elf.dir/Core/Src/pid.c.obj
                0x0800497c                Position_PD_Balance
 .text.Incremental_PI_Speed
                0x080049b0       0xd8 CMakeFiles/BalanceCar.elf.dir/Core/Src/pid.c.obj
                0x080049b0                Incremental_PI_Speed
 .text.RetargetInit
                0x08004a88       0x20 CMakeFiles/BalanceCar.elf.dir/Core/Src/retarget.c.obj
                0x08004a88                RetargetInit
 .text._isatty  0x08004aa8       0x16 CMakeFiles/BalanceCar.elf.dir/Core/Src/retarget.c.obj
                0x08004aa8                _isatty
 *fill*         0x08004abe        0x2 
 .text._write   0x08004ac0       0x34 CMakeFiles/BalanceCar.elf.dir/Core/Src/retarget.c.obj
                0x08004ac0                _write
 .text._close   0x08004af4       0x18 CMakeFiles/BalanceCar.elf.dir/Core/Src/retarget.c.obj
                0x08004af4                _close
 .text._lseek   0x08004b0c       0x10 CMakeFiles/BalanceCar.elf.dir/Core/Src/retarget.c.obj
                0x08004b0c                _lseek
 .text._read    0x08004b1c       0x30 CMakeFiles/BalanceCar.elf.dir/Core/Src/retarget.c.obj
                0x08004b1c                _read
 .text._fstat   0x08004b4c       0x1a CMakeFiles/BalanceCar.elf.dir/Core/Src/retarget.c.obj
                0x08004b4c                _fstat
 *fill*         0x08004b66        0x2 
 .text.HAL_MspInit
                0x08004b68       0x44 CMakeFiles/BalanceCar.elf.dir/Core/Src/stm32f1xx_hal_msp.c.obj
                0x08004b68                HAL_MspInit
 .text.NMI_Handler
                0x08004bac        0x2 CMakeFiles/BalanceCar.elf.dir/Core/Src/stm32f1xx_it.c.obj
                0x08004bac                NMI_Handler
 .text.HardFault_Handler
                0x08004bae        0x2 CMakeFiles/BalanceCar.elf.dir/Core/Src/stm32f1xx_it.c.obj
                0x08004bae                HardFault_Handler
 .text.MemManage_Handler
                0x08004bb0        0x2 CMakeFiles/BalanceCar.elf.dir/Core/Src/stm32f1xx_it.c.obj
                0x08004bb0                MemManage_Handler
 .text.BusFault_Handler
                0x08004bb2        0x2 CMakeFiles/BalanceCar.elf.dir/Core/Src/stm32f1xx_it.c.obj
                0x08004bb2                BusFault_Handler
 .text.UsageFault_Handler
                0x08004bb4        0x2 CMakeFiles/BalanceCar.elf.dir/Core/Src/stm32f1xx_it.c.obj
                0x08004bb4                UsageFault_Handler
 .text.SVC_Handler
                0x08004bb6        0x2 CMakeFiles/BalanceCar.elf.dir/Core/Src/stm32f1xx_it.c.obj
                0x08004bb6                SVC_Handler
 .text.DebugMon_Handler
                0x08004bb8        0x2 CMakeFiles/BalanceCar.elf.dir/Core/Src/stm32f1xx_it.c.obj
                0x08004bb8                DebugMon_Handler
 .text.PendSV_Handler
                0x08004bba        0x2 CMakeFiles/BalanceCar.elf.dir/Core/Src/stm32f1xx_it.c.obj
                0x08004bba                PendSV_Handler
 .text.SysTick_Handler
                0x08004bbc        0x8 CMakeFiles/BalanceCar.elf.dir/Core/Src/stm32f1xx_it.c.obj
                0x08004bbc                SysTick_Handler
 .text._getpid  0x08004bc4        0x4 CMakeFiles/BalanceCar.elf.dir/Core/Src/syscalls.c.obj
                0x08004bc4                _getpid
 .text._kill    0x08004bc8       0x10 CMakeFiles/BalanceCar.elf.dir/Core/Src/syscalls.c.obj
                0x08004bc8                _kill
 .text._exit    0x08004bd8        0xc CMakeFiles/BalanceCar.elf.dir/Core/Src/syscalls.c.obj
                0x08004bd8                _exit
 .text._sbrk    0x08004be4       0x3c CMakeFiles/BalanceCar.elf.dir/Core/Src/syscalls.c.obj
                0x08004be4                _sbrk
 .text.SystemInit
                0x08004c20        0x2 CMakeFiles/BalanceCar.elf.dir/Core/Src/system_stm32f1xx.c.obj
                0x08004c20                SystemInit
 *fill*         0x08004c22        0x2 
 .text.MX_TIM2_Init
                0x08004c24       0x6c CMakeFiles/BalanceCar.elf.dir/Core/Src/tim.c.obj
                0x08004c24                MX_TIM2_Init
 .text.MX_TIM3_Init
                0x08004c90       0x6c CMakeFiles/BalanceCar.elf.dir/Core/Src/tim.c.obj
                0x08004c90                MX_TIM3_Init
 .text.HAL_TIM_Encoder_MspInit
                0x08004cfc       0x98 CMakeFiles/BalanceCar.elf.dir/Core/Src/tim.c.obj
                0x08004cfc                HAL_TIM_Encoder_MspInit
 .text.HAL_TIM_PWM_MspInit
                0x08004d94       0x2c CMakeFiles/BalanceCar.elf.dir/Core/Src/tim.c.obj
                0x08004d94                HAL_TIM_PWM_MspInit
 .text.HAL_TIM_MspPostInit
                0x08004dc0       0x50 CMakeFiles/BalanceCar.elf.dir/Core/Src/tim.c.obj
                0x08004dc0                HAL_TIM_MspPostInit
 .text.MX_TIM4_Init
                0x08004e10       0xbc CMakeFiles/BalanceCar.elf.dir/Core/Src/tim.c.obj
                0x08004e10                MX_TIM4_Init
 .text.MX_USART2_UART_Init
                0x08004ecc       0x34 CMakeFiles/BalanceCar.elf.dir/Core/Src/usart.c.obj
                0x08004ecc                MX_USART2_UART_Init
 .text.HAL_UART_MspInit
                0x08004f00       0x74 CMakeFiles/BalanceCar.elf.dir/Core/Src/usart.c.obj
                0x08004f00                HAL_UART_MspInit
 .text.HAL_InitTick
                0x08004f74       0x4c CMakeFiles/BalanceCar.elf.dir/Drivers/STM32F1xx_HAL_Driver/Src/stm32f1xx_hal.c.obj
                0x08004f74                HAL_InitTick
 .text.HAL_Init
                0x08004fc0       0x24 CMakeFiles/BalanceCar.elf.dir/Drivers/STM32F1xx_HAL_Driver/Src/stm32f1xx_hal.c.obj
                0x08004fc0                HAL_Init
 .text.HAL_IncTick
                0x08004fe4       0x18 CMakeFiles/BalanceCar.elf.dir/Drivers/STM32F1xx_HAL_Driver/Src/stm32f1xx_hal.c.obj
                0x08004fe4                HAL_IncTick
 .text.HAL_GetTick
                0x08004ffc        0xc CMakeFiles/BalanceCar.elf.dir/Drivers/STM32F1xx_HAL_Driver/Src/stm32f1xx_hal.c.obj
                0x08004ffc                HAL_GetTick
 .text.HAL_Delay
                0x08005008       0x28 CMakeFiles/BalanceCar.elf.dir/Drivers/STM32F1xx_HAL_Driver/Src/stm32f1xx_hal.c.obj
                0x08005008                HAL_Delay
 .text.HAL_NVIC_SetPriorityGrouping
                0x08005030       0x24 CMakeFiles/BalanceCar.elf.dir/Drivers/STM32F1xx_HAL_Driver/Src/stm32f1xx_hal_cortex.c.obj
                0x08005030                HAL_NVIC_SetPriorityGrouping
 .text.HAL_NVIC_SetPriority
                0x08005054       0x70 CMakeFiles/BalanceCar.elf.dir/Drivers/STM32F1xx_HAL_Driver/Src/stm32f1xx_hal_cortex.c.obj
                0x08005054                HAL_NVIC_SetPriority
 .text.HAL_SYSTICK_Config
                0x080050c4       0x28 CMakeFiles/BalanceCar.elf.dir/Drivers/STM32F1xx_HAL_Driver/Src/stm32f1xx_hal_cortex.c.obj
                0x080050c4                HAL_SYSTICK_Config
 .text.HAL_SYSTICK_CLKSourceConfig
                0x080050ec       0x20 CMakeFiles/BalanceCar.elf.dir/Drivers/STM32F1xx_HAL_Driver/Src/stm32f1xx_hal_cortex.c.obj
                0x080050ec                HAL_SYSTICK_CLKSourceConfig
 .text.HAL_GPIO_Init
                0x0800510c      0x224 CMakeFiles/BalanceCar.elf.dir/Drivers/STM32F1xx_HAL_Driver/Src/stm32f1xx_hal_gpio.c.obj
                0x0800510c                HAL_GPIO_Init
 .text.HAL_GPIO_WritePin
                0x08005330        0xc CMakeFiles/BalanceCar.elf.dir/Drivers/STM32F1xx_HAL_Driver/Src/stm32f1xx_hal_gpio.c.obj
                0x08005330                HAL_GPIO_WritePin
 .text.RCC_Delay
                0x0800533c       0x2c CMakeFiles/BalanceCar.elf.dir/Drivers/STM32F1xx_HAL_Driver/Src/stm32f1xx_hal_rcc.c.obj
 .text.HAL_RCC_OscConfig
                0x08005368      0x410 CMakeFiles/BalanceCar.elf.dir/Drivers/STM32F1xx_HAL_Driver/Src/stm32f1xx_hal_rcc.c.obj
                0x08005368                HAL_RCC_OscConfig
 .text.HAL_RCC_GetSysClockFreq
                0x08005778       0x70 CMakeFiles/BalanceCar.elf.dir/Drivers/STM32F1xx_HAL_Driver/Src/stm32f1xx_hal_rcc.c.obj
                0x08005778                HAL_RCC_GetSysClockFreq
 .text.HAL_RCC_ClockConfig
                0x080057e8      0x16c CMakeFiles/BalanceCar.elf.dir/Drivers/STM32F1xx_HAL_Driver/Src/stm32f1xx_hal_rcc.c.obj
                0x080057e8                HAL_RCC_ClockConfig
 .text.HAL_RCC_GetHCLKFreq
                0x08005954        0xc CMakeFiles/BalanceCar.elf.dir/Drivers/STM32F1xx_HAL_Driver/Src/stm32f1xx_hal_rcc.c.obj
                0x08005954                HAL_RCC_GetHCLKFreq
 .text.HAL_RCC_GetPCLK1Freq
                0x08005960       0x20 CMakeFiles/BalanceCar.elf.dir/Drivers/STM32F1xx_HAL_Driver/Src/stm32f1xx_hal_rcc.c.obj
                0x08005960                HAL_RCC_GetPCLK1Freq
 .text.HAL_RCC_GetPCLK2Freq
                0x08005980       0x20 CMakeFiles/BalanceCar.elf.dir/Drivers/STM32F1xx_HAL_Driver/Src/stm32f1xx_hal_rcc.c.obj
                0x08005980                HAL_RCC_GetPCLK2Freq
 .text.TIM_OC1_SetConfig
                0x080059a0       0x5c CMakeFiles/BalanceCar.elf.dir/Drivers/STM32F1xx_HAL_Driver/Src/stm32f1xx_hal_tim.c.obj
 .text.TIM_OC3_SetConfig
                0x080059fc       0x64 CMakeFiles/BalanceCar.elf.dir/Drivers/STM32F1xx_HAL_Driver/Src/stm32f1xx_hal_tim.c.obj
 .text.TIM_OC4_SetConfig
                0x08005a60       0x48 CMakeFiles/BalanceCar.elf.dir/Drivers/STM32F1xx_HAL_Driver/Src/stm32f1xx_hal_tim.c.obj
 .text.TIM_Base_SetConfig
                0x08005aa8       0x74 CMakeFiles/BalanceCar.elf.dir/Drivers/STM32F1xx_HAL_Driver/Src/stm32f1xx_hal_tim.c.obj
                0x08005aa8                TIM_Base_SetConfig
 .text.HAL_TIM_PWM_Init
                0x08005b1c       0x58 CMakeFiles/BalanceCar.elf.dir/Drivers/STM32F1xx_HAL_Driver/Src/stm32f1xx_hal_tim.c.obj
                0x08005b1c                HAL_TIM_PWM_Init
 .text.HAL_TIM_Encoder_Init
                0x08005b74       0xb8 CMakeFiles/BalanceCar.elf.dir/Drivers/STM32F1xx_HAL_Driver/Src/stm32f1xx_hal_tim.c.obj
                0x08005b74                HAL_TIM_Encoder_Init
 .text.TIM_OC2_SetConfig
                0x08005c2c       0x64 CMakeFiles/BalanceCar.elf.dir/Drivers/STM32F1xx_HAL_Driver/Src/stm32f1xx_hal_tim.c.obj
                0x08005c2c                TIM_OC2_SetConfig
 .text.HAL_TIM_PWM_ConfigChannel
                0x08005c90       0xd0 CMakeFiles/BalanceCar.elf.dir/Drivers/STM32F1xx_HAL_Driver/Src/stm32f1xx_hal_tim.c.obj
                0x08005c90                HAL_TIM_PWM_ConfigChannel
 .text.TIM_CCxChannelCmd
                0x08005d60       0x1e CMakeFiles/BalanceCar.elf.dir/Drivers/STM32F1xx_HAL_Driver/Src/stm32f1xx_hal_tim.c.obj
                0x08005d60                TIM_CCxChannelCmd
 *fill*         0x08005d7e        0x2 
 .text.HAL_TIM_PWM_Start
                0x08005d80       0xdc CMakeFiles/BalanceCar.elf.dir/Drivers/STM32F1xx_HAL_Driver/Src/stm32f1xx_hal_tim.c.obj
                0x08005d80                HAL_TIM_PWM_Start
 .text.HAL_TIM_Encoder_Start
                0x08005e5c       0xcc CMakeFiles/BalanceCar.elf.dir/Drivers/STM32F1xx_HAL_Driver/Src/stm32f1xx_hal_tim.c.obj
                0x08005e5c                HAL_TIM_Encoder_Start
 .text.HAL_TIMEx_MasterConfigSynchronization
                0x08005f28       0x6c CMakeFiles/BalanceCar.elf.dir/Drivers/STM32F1xx_HAL_Driver/Src/stm32f1xx_hal_tim_ex.c.obj
                0x08005f28                HAL_TIMEx_MasterConfigSynchronization
 .text.UART_SetConfig
                0x08005f94       0x94 CMakeFiles/BalanceCar.elf.dir/Drivers/STM32F1xx_HAL_Driver/Src/stm32f1xx_hal_uart.c.obj
 .text.UART_WaitOnFlagUntilTimeout
                0x08006028       0x6c CMakeFiles/BalanceCar.elf.dir/Drivers/STM32F1xx_HAL_Driver/Src/stm32f1xx_hal_uart.c.obj
 .text.HAL_UART_Init
                0x08006094       0x5e CMakeFiles/BalanceCar.elf.dir/Drivers/STM32F1xx_HAL_Driver/Src/stm32f1xx_hal_uart.c.obj
                0x08006094                HAL_UART_Init
 .text.HAL_UART_Transmit
                0x080060f2       0xd8 CMakeFiles/BalanceCar.elf.dir/Drivers/STM32F1xx_HAL_Driver/Src/stm32f1xx_hal_uart.c.obj
                0x080060f2                HAL_UART_Transmit
 .text.HAL_UART_Receive
                0x080061ca       0xe4 CMakeFiles/BalanceCar.elf.dir/Drivers/STM32F1xx_HAL_Driver/Src/stm32f1xx_hal_uart.c.obj
                0x080061ca                HAL_UART_Receive
 *fill*         0x080062ae        0x2 
 .text.Reset_Handler
                0x080062b0       0x48 CMakeFiles/BalanceCar.elf.dir/startup/startup_stm32f103xb.s.obj
                0x080062b0                Reset_Handler
 .text.Default_Handler
                0x080062f8        0x2 CMakeFiles/BalanceCar.elf.dir/startup/startup_stm32f103xb.s.obj
                0x080062f8                RTC_Alarm_IRQHandler
                0x080062f8                EXTI2_IRQHandler
                0x080062f8                TIM1_CC_IRQHandler
                0x080062f8                PVD_IRQHandler
                0x080062f8                EXTI3_IRQHandler
                0x080062f8                EXTI0_IRQHandler
                0x080062f8                I2C2_EV_IRQHandler
                0x080062f8                ADC1_2_IRQHandler
                0x080062f8                SPI1_IRQHandler
                0x080062f8                TAMPER_IRQHandler
                0x080062f8                DMA1_Channel4_IRQHandler
                0x080062f8                USART3_IRQHandler
                0x080062f8                RTC_IRQHandler
                0x080062f8                DMA1_Channel7_IRQHandler
                0x080062f8                CAN1_RX1_IRQHandler
                0x080062f8                TIM4_IRQHandler
                0x080062f8                I2C1_EV_IRQHandler
                0x080062f8                DMA1_Channel6_IRQHandler
                0x080062f8                TIM3_IRQHandler
                0x080062f8                RCC_IRQHandler
                0x080062f8                TIM1_TRG_COM_IRQHandler
                0x080062f8                DMA1_Channel1_IRQHandler
                0x080062f8                Default_Handler
                0x080062f8                EXTI15_10_IRQHandler
                0x080062f8                EXTI9_5_IRQHandler
                0x080062f8                SPI2_IRQHandler
                0x080062f8                DMA1_Channel5_IRQHandler
                0x080062f8                EXTI4_IRQHandler
                0x080062f8                USB_LP_CAN1_RX0_IRQHandler
                0x080062f8                USB_HP_CAN1_TX_IRQHandler
                0x080062f8                DMA1_Channel3_IRQHandler
                0x080062f8                TIM1_UP_IRQHandler
                0x080062f8                WWDG_IRQHandler
                0x080062f8                TIM2_IRQHandler
                0x080062f8                TIM1_BRK_IRQHandler
                0x080062f8                EXTI1_IRQHandler
                0x080062f8                USART2_IRQHandler
                0x080062f8                I2C2_ER_IRQHandler
                0x080062f8                DMA1_Channel2_IRQHandler
                0x080062f8                CAN1_SCE_IRQHandler
                0x080062f8                FLASH_IRQHandler
                0x080062f8                USART1_IRQHandler
                0x080062f8                I2C1_ER_IRQHandler
                0x080062f8                USBWakeUp_IRQHandler
 *fill*         0x080062fa        0x2 
 .text.__errno  0x080062fc        0xc c:/clion_stm32/gcc-arm-none-eabi-10.3-2021.10/bin/../lib/gcc/arm-none-eabi/10.3.1/../../../../arm-none-eabi/lib/thumb/v7-m/nofp\libg.a(lib_a-errno.o)
                0x080062fc                __errno
 .text.__libc_init_array
                0x08006308       0x48 c:/clion_stm32/gcc-arm-none-eabi-10.3-2021.10/bin/../lib/gcc/arm-none-eabi/10.3.1/../../../../arm-none-eabi/lib/thumb/v7-m/nofp\libg.a(lib_a-init.o)
                0x08006308                __libc_init_array
 .text.memcmp   0x08006350       0x68 c:/clion_stm32/gcc-arm-none-eabi-10.3-2021.10/bin/../lib/gcc/arm-none-eabi/10.3.1/../../../../arm-none-eabi/lib/thumb/v7-m/nofp\libg.a(lib_a-memcmp.o)
                0x08006350                memcmp
 .text.memset   0x080063b8       0xa4 c:/clion_stm32/gcc-arm-none-eabi-10.3-2021.10/bin/../lib/gcc/arm-none-eabi/10.3.1/../../../../arm-none-eabi/lib/thumb/v7-m/nofp\libg.a(lib_a-memset.o)
                0x080063b8                memset
 .text.printf   0x0800645c       0x28 c:/clion_stm32/gcc-arm-none-eabi-10.3-2021.10/bin/../lib/gcc/arm-none-eabi/10.3.1/../../../../arm-none-eabi/lib/thumb/v7-m/nofp\libg.a(lib_a-printf.o)
                0x0800645c                printf
 .text._puts_r  0x08006484       0x9c c:/clion_stm32/gcc-arm-none-eabi-10.3-2021.10/bin/../lib/gcc/arm-none-eabi/10.3.1/../../../../arm-none-eabi/lib/thumb/v7-m/nofp\libg.a(lib_a-puts.o)
                0x08006484                _puts_r
 .text.puts     0x08006520       0x10 c:/clion_stm32/gcc-arm-none-eabi-10.3-2021.10/bin/../lib/gcc/arm-none-eabi/10.3.1/../../../../arm-none-eabi/lib/thumb/v7-m/nofp\libg.a(lib_a-puts.o)
                0x08006520                puts
 .text.setvbuf  0x08006530      0x1b0 c:/clion_stm32/gcc-arm-none-eabi-10.3-2021.10/bin/../lib/gcc/arm-none-eabi/10.3.1/../../../../arm-none-eabi/lib/thumb/v7-m/nofp\libg.a(lib_a-setvbuf.o)
                0x08006530                setvbuf
 .text.strlen   0x080066e0       0x5c c:/clion_stm32/gcc-arm-none-eabi-10.3-2021.10/bin/../lib/gcc/arm-none-eabi/10.3.1/../../../../arm-none-eabi/lib/thumb/v7-m/nofp\libg.a(lib_a-strlen-stub.o)
                0x080066e0                strlen
 .text._vfprintf_r
                0x0800673c     0x1b58 c:/clion_stm32/gcc-arm-none-eabi-10.3-2021.10/bin/../lib/gcc/arm-none-eabi/10.3.1/../../../../arm-none-eabi/lib/thumb/v7-m/nofp\libg.a(lib_a-vfprintf.o)
                0x0800673c                _vfprintf_r
 .text.__sbprintf
                0x08008294       0x84 c:/clion_stm32/gcc-arm-none-eabi-10.3-2021.10/bin/../lib/gcc/arm-none-eabi/10.3.1/../../../../arm-none-eabi/lib/thumb/v7-m/nofp\libg.a(lib_a-vfprintf.o)
 .text.__swsetup_r
                0x08008318       0xd4 c:/clion_stm32/gcc-arm-none-eabi-10.3-2021.10/bin/../lib/gcc/arm-none-eabi/10.3.1/../../../../arm-none-eabi/lib/thumb/v7-m/nofp\libg.a(lib_a-wsetup.o)
                0x08008318                __swsetup_r
 .text.startup.register_fini
                0x080083ec       0x14 c:/clion_stm32/gcc-arm-none-eabi-10.3-2021.10/bin/../lib/gcc/arm-none-eabi/10.3.1/../../../../arm-none-eabi/lib/thumb/v7-m/nofp\libg.a(lib_a-__call_atexit.o)
 .text.atexit   0x08008400        0xc c:/clion_stm32/gcc-arm-none-eabi-10.3-2021.10/bin/../lib/gcc/arm-none-eabi/10.3.1/../../../../arm-none-eabi/lib/thumb/v7-m/nofp\libg.a(lib_a-atexit.o)
                0x08008400                atexit
 .text.quorem   0x0800840c      0x12c c:/clion_stm32/gcc-arm-none-eabi-10.3-2021.10/bin/../lib/gcc/arm-none-eabi/10.3.1/../../../../arm-none-eabi/lib/thumb/v7-m/nofp\libg.a(lib_a-dtoa.o)
 .text._dtoa_r  0x08008538      0xecc c:/clion_stm32/gcc-arm-none-eabi-10.3-2021.10/bin/../lib/gcc/arm-none-eabi/10.3.1/../../../../arm-none-eabi/lib/thumb/v7-m/nofp\libg.a(lib_a-dtoa.o)
                0x08008538                _dtoa_r
 .text.__sflush_r
                0x08009404      0x124 c:/clion_stm32/gcc-arm-none-eabi-10.3-2021.10/bin/../lib/gcc/arm-none-eabi/10.3.1/../../../../arm-none-eabi/lib/thumb/v7-m/nofp\libg.a(lib_a-fflush.o)
                0x08009404                __sflush_r
 .text._fflush_r
                0x08009528       0x5c c:/clion_stm32/gcc-arm-none-eabi-10.3-2021.10/bin/../lib/gcc/arm-none-eabi/10.3.1/../../../../arm-none-eabi/lib/thumb/v7-m/nofp\libg.a(lib_a-fflush.o)
                0x08009528                _fflush_r
 .text._cleanup_r
                0x08009584        0xc c:/clion_stm32/gcc-arm-none-eabi-10.3-2021.10/bin/../lib/gcc/arm-none-eabi/10.3.1/../../../../arm-none-eabi/lib/thumb/v7-m/nofp\libg.a(lib_a-findfp.o)
                0x08009584                _cleanup_r
 .text.__sinit  0x08009590      0x10c c:/clion_stm32/gcc-arm-none-eabi-10.3-2021.10/bin/../lib/gcc/arm-none-eabi/10.3.1/../../../../arm-none-eabi/lib/thumb/v7-m/nofp\libg.a(lib_a-findfp.o)
                0x08009590                __sinit
 .text.__sfp_lock_acquire
                0x0800969c        0xc c:/clion_stm32/gcc-arm-none-eabi-10.3-2021.10/bin/../lib/gcc/arm-none-eabi/10.3.1/../../../../arm-none-eabi/lib/thumb/v7-m/nofp\libg.a(lib_a-findfp.o)
                0x0800969c                __sfp_lock_acquire
 .text.__sfp_lock_release
                0x080096a8        0xc c:/clion_stm32/gcc-arm-none-eabi-10.3-2021.10/bin/../lib/gcc/arm-none-eabi/10.3.1/../../../../arm-none-eabi/lib/thumb/v7-m/nofp\libg.a(lib_a-findfp.o)
                0x080096a8                __sfp_lock_release
 .text.__libc_fini_array
                0x080096b4       0x2c c:/clion_stm32/gcc-arm-none-eabi-10.3-2021.10/bin/../lib/gcc/arm-none-eabi/10.3.1/../../../../arm-none-eabi/lib/thumb/v7-m/nofp\libg.a(lib_a-fini.o)
                0x080096b4                __libc_fini_array
 .text._malloc_trim_r
                0x080096e0       0xa0 c:/clion_stm32/gcc-arm-none-eabi-10.3-2021.10/bin/../lib/gcc/arm-none-eabi/10.3.1/../../../../arm-none-eabi/lib/thumb/v7-m/nofp\libg.a(lib_a-freer.o)
                0x080096e0                _malloc_trim_r
 .text._free_r  0x08009780      0x200 c:/clion_stm32/gcc-arm-none-eabi-10.3-2021.10/bin/../lib/gcc/arm-none-eabi/10.3.1/../../../../arm-none-eabi/lib/thumb/v7-m/nofp\libg.a(lib_a-freer.o)
                0x08009780                _free_r
 .text.__sfvwrite_r
                0x08009980      0x2f0 c:/clion_stm32/gcc-arm-none-eabi-10.3-2021.10/bin/../lib/gcc/arm-none-eabi/10.3.1/../../../../arm-none-eabi/lib/thumb/v7-m/nofp\libg.a(lib_a-fvwrite.o)
                0x08009980                __sfvwrite_r
 .text._fwalk_reent
                0x08009c70       0x48 c:/clion_stm32/gcc-arm-none-eabi-10.3-2021.10/bin/../lib/gcc/arm-none-eabi/10.3.1/../../../../arm-none-eabi/lib/thumb/v7-m/nofp\libg.a(lib_a-fwalk.o)
                0x08009c70                _fwalk_reent
 .text._localeconv_r
                0x08009cb8        0x8 c:/clion_stm32/gcc-arm-none-eabi-10.3-2021.10/bin/../lib/gcc/arm-none-eabi/10.3.1/../../../../arm-none-eabi/lib/thumb/v7-m/nofp\libg.a(lib_a-localeconv.o)
                0x08009cb8                _localeconv_r
 .text.__retarget_lock_init_recursive
                0x08009cc0        0x4 c:/clion_stm32/gcc-arm-none-eabi-10.3-2021.10/bin/../lib/gcc/arm-none-eabi/10.3.1/../../../../arm-none-eabi/lib/thumb/v7-m/nofp\libg.a(lib_a-lock.o)
                0x08009cc0                __retarget_lock_init_recursive
 .text.__retarget_lock_close_recursive
                0x08009cc4        0x4 c:/clion_stm32/gcc-arm-none-eabi-10.3-2021.10/bin/../lib/gcc/arm-none-eabi/10.3.1/../../../../arm-none-eabi/lib/thumb/v7-m/nofp\libg.a(lib_a-lock.o)
                0x08009cc4                __retarget_lock_close_recursive
 .text.__retarget_lock_acquire_recursive
                0x08009cc8        0x4 c:/clion_stm32/gcc-arm-none-eabi-10.3-2021.10/bin/../lib/gcc/arm-none-eabi/10.3.1/../../../../arm-none-eabi/lib/thumb/v7-m/nofp\libg.a(lib_a-lock.o)
                0x08009cc8                __retarget_lock_acquire_recursive
 .text.__retarget_lock_release_recursive
                0x08009ccc        0x4 c:/clion_stm32/gcc-arm-none-eabi-10.3-2021.10/bin/../lib/gcc/arm-none-eabi/10.3.1/../../../../arm-none-eabi/lib/thumb/v7-m/nofp\libg.a(lib_a-lock.o)
                0x08009ccc                __retarget_lock_release_recursive
 .text.__smakebuf_r
                0x08009cd0       0xe0 c:/clion_stm32/gcc-arm-none-eabi-10.3-2021.10/bin/../lib/gcc/arm-none-eabi/10.3.1/../../../../arm-none-eabi/lib/thumb/v7-m/nofp\libg.a(lib_a-makebuf.o)
                0x08009cd0                __smakebuf_r
 .text.__swhatbuf_r
                0x08009db0       0x60 c:/clion_stm32/gcc-arm-none-eabi-10.3-2021.10/bin/../lib/gcc/arm-none-eabi/10.3.1/../../../../arm-none-eabi/lib/thumb/v7-m/nofp\libg.a(lib_a-makebuf.o)
                0x08009db0                __swhatbuf_r
 .text.malloc   0x08009e10       0x10 c:/clion_stm32/gcc-arm-none-eabi-10.3-2021.10/bin/../lib/gcc/arm-none-eabi/10.3.1/../../../../arm-none-eabi/lib/thumb/v7-m/nofp\libg.a(lib_a-malloc.o)
                0x08009e10                malloc
 .text._malloc_r
                0x08009e20      0x558 c:/clion_stm32/gcc-arm-none-eabi-10.3-2021.10/bin/../lib/gcc/arm-none-eabi/10.3.1/../../../../arm-none-eabi/lib/thumb/v7-m/nofp\libg.a(lib_a-mallocr.o)
                0x08009e20                _malloc_r
 .text.memchr   0x0800a378       0x90 c:/clion_stm32/gcc-arm-none-eabi-10.3-2021.10/bin/../lib/gcc/arm-none-eabi/10.3.1/../../../../arm-none-eabi/lib/thumb/v7-m/nofp\libg.a(lib_a-memchr-stub.o)
                0x0800a378                memchr
 .text.memmove  0x0800a408       0xf8 c:/clion_stm32/gcc-arm-none-eabi-10.3-2021.10/bin/../lib/gcc/arm-none-eabi/10.3.1/../../../../arm-none-eabi/lib/thumb/v7-m/nofp\libg.a(lib_a-memmove.o)
                0x0800a408                memmove
 .text.__malloc_lock
                0x0800a500        0xc c:/clion_stm32/gcc-arm-none-eabi-10.3-2021.10/bin/../lib/gcc/arm-none-eabi/10.3.1/../../../../arm-none-eabi/lib/thumb/v7-m/nofp\libg.a(lib_a-mlock.o)
                0x0800a500                __malloc_lock
 .text.__malloc_unlock
                0x0800a50c        0xc c:/clion_stm32/gcc-arm-none-eabi-10.3-2021.10/bin/../lib/gcc/arm-none-eabi/10.3.1/../../../../arm-none-eabi/lib/thumb/v7-m/nofp\libg.a(lib_a-mlock.o)
                0x0800a50c                __malloc_unlock
 .text._Balloc  0x0800a518       0x4c c:/clion_stm32/gcc-arm-none-eabi-10.3-2021.10/bin/../lib/gcc/arm-none-eabi/10.3.1/../../../../arm-none-eabi/lib/thumb/v7-m/nofp\libg.a(lib_a-mprec.o)
                0x0800a518                _Balloc
 .text._Bfree   0x0800a564       0x14 c:/clion_stm32/gcc-arm-none-eabi-10.3-2021.10/bin/../lib/gcc/arm-none-eabi/10.3.1/../../../../arm-none-eabi/lib/thumb/v7-m/nofp\libg.a(lib_a-mprec.o)
                0x0800a564                _Bfree
 .text.__multadd
                0x0800a578       0xa4 c:/clion_stm32/gcc-arm-none-eabi-10.3-2021.10/bin/../lib/gcc/arm-none-eabi/10.3.1/../../../../arm-none-eabi/lib/thumb/v7-m/nofp\libg.a(lib_a-mprec.o)
                0x0800a578                __multadd
 .text.__hi0bits
                0x0800a61c       0x40 c:/clion_stm32/gcc-arm-none-eabi-10.3-2021.10/bin/../lib/gcc/arm-none-eabi/10.3.1/../../../../arm-none-eabi/lib/thumb/v7-m/nofp\libg.a(lib_a-mprec.o)
                0x0800a61c                __hi0bits
 .text.__lo0bits
                0x0800a65c       0x58 c:/clion_stm32/gcc-arm-none-eabi-10.3-2021.10/bin/../lib/gcc/arm-none-eabi/10.3.1/../../../../arm-none-eabi/lib/thumb/v7-m/nofp\libg.a(lib_a-mprec.o)
                0x0800a65c                __lo0bits
 .text.__i2b    0x0800a6b4       0x5c c:/clion_stm32/gcc-arm-none-eabi-10.3-2021.10/bin/../lib/gcc/arm-none-eabi/10.3.1/../../../../arm-none-eabi/lib/thumb/v7-m/nofp\libg.a(lib_a-mprec.o)
                0x0800a6b4                __i2b
 .text.__multiply
                0x0800a710      0x15c c:/clion_stm32/gcc-arm-none-eabi-10.3-2021.10/bin/../lib/gcc/arm-none-eabi/10.3.1/../../../../arm-none-eabi/lib/thumb/v7-m/nofp\libg.a(lib_a-mprec.o)
                0x0800a710                __multiply
 .text.__pow5mult
                0x0800a86c       0xb8 c:/clion_stm32/gcc-arm-none-eabi-10.3-2021.10/bin/../lib/gcc/arm-none-eabi/10.3.1/../../../../arm-none-eabi/lib/thumb/v7-m/nofp\libg.a(lib_a-mprec.o)
                0x0800a86c                __pow5mult
 .text.__lshift
                0x0800a924       0xec c:/clion_stm32/gcc-arm-none-eabi-10.3-2021.10/bin/../lib/gcc/arm-none-eabi/10.3.1/../../../../arm-none-eabi/lib/thumb/v7-m/nofp\libg.a(lib_a-mprec.o)
                0x0800a924                __lshift
 .text.__mcmp   0x0800aa10       0x40 c:/clion_stm32/gcc-arm-none-eabi-10.3-2021.10/bin/../lib/gcc/arm-none-eabi/10.3.1/../../../../arm-none-eabi/lib/thumb/v7-m/nofp\libg.a(lib_a-mprec.o)
                0x0800aa10                __mcmp
 .text.__mdiff  0x0800aa50      0x14c c:/clion_stm32/gcc-arm-none-eabi-10.3-2021.10/bin/../lib/gcc/arm-none-eabi/10.3.1/../../../../arm-none-eabi/lib/thumb/v7-m/nofp\libg.a(lib_a-mprec.o)
                0x0800aa50                __mdiff
 .text.__d2b    0x0800ab9c       0xc4 c:/clion_stm32/gcc-arm-none-eabi-10.3-2021.10/bin/../lib/gcc/arm-none-eabi/10.3.1/../../../../arm-none-eabi/lib/thumb/v7-m/nofp\libg.a(lib_a-mprec.o)
                0x0800ab9c                __d2b
 .text._realloc_r
                0x0800ac60      0x3dc c:/clion_stm32/gcc-arm-none-eabi-10.3-2021.10/bin/../lib/gcc/arm-none-eabi/10.3.1/../../../../arm-none-eabi/lib/thumb/v7-m/nofp\libg.a(lib_a-reallocr.o)
                0x0800ac60                _realloc_r
 .text.frexp    0x0800b03c       0x70 c:/clion_stm32/gcc-arm-none-eabi-10.3-2021.10/bin/../lib/gcc/arm-none-eabi/10.3.1/../../../../arm-none-eabi/lib/thumb/v7-m/nofp\libg.a(lib_a-s_frexp.o)
                0x0800b03c                frexp
 .text._sbrk_r  0x0800b0ac       0x24 c:/clion_stm32/gcc-arm-none-eabi-10.3-2021.10/bin/../lib/gcc/arm-none-eabi/10.3.1/../../../../arm-none-eabi/lib/thumb/v7-m/nofp\libg.a(lib_a-sbrkr.o)
                0x0800b0ac                _sbrk_r
 .text.__sread  0x0800b0d0       0x24 c:/clion_stm32/gcc-arm-none-eabi-10.3-2021.10/bin/../lib/gcc/arm-none-eabi/10.3.1/../../../../arm-none-eabi/lib/thumb/v7-m/nofp\libg.a(lib_a-stdio.o)
                0x0800b0d0                __sread
 .text.__swrite
                0x0800b0f4       0x40 c:/clion_stm32/gcc-arm-none-eabi-10.3-2021.10/bin/../lib/gcc/arm-none-eabi/10.3.1/../../../../arm-none-eabi/lib/thumb/v7-m/nofp\libg.a(lib_a-stdio.o)
                0x0800b0f4                __swrite
 .text.__sseek  0x0800b134       0x20 c:/clion_stm32/gcc-arm-none-eabi-10.3-2021.10/bin/../lib/gcc/arm-none-eabi/10.3.1/../../../../arm-none-eabi/lib/thumb/v7-m/nofp\libg.a(lib_a-stdio.o)
                0x0800b134                __sseek
 .text.__sclose
                0x0800b154        0x8 c:/clion_stm32/gcc-arm-none-eabi-10.3-2021.10/bin/../lib/gcc/arm-none-eabi/10.3.1/../../../../arm-none-eabi/lib/thumb/v7-m/nofp\libg.a(lib_a-stdio.o)
                0x0800b154                __sclose
 .text.strncpy  0x0800b15c       0x68 c:/clion_stm32/gcc-arm-none-eabi-10.3-2021.10/bin/../lib/gcc/arm-none-eabi/10.3.1/../../../../arm-none-eabi/lib/thumb/v7-m/nofp\libg.a(lib_a-strncpy.o)
                0x0800b15c                strncpy
 .text.__sprint_r.part.0
                0x0800b1c4       0x78 c:/clion_stm32/gcc-arm-none-eabi-10.3-2021.10/bin/../lib/gcc/arm-none-eabi/10.3.1/../../../../arm-none-eabi/lib/thumb/v7-m/nofp\libg.a(lib_a-vfiprintf.o)
 .text.__sprint_r
                0x0800b23c       0x14 c:/clion_stm32/gcc-arm-none-eabi-10.3-2021.10/bin/../lib/gcc/arm-none-eabi/10.3.1/../../../../arm-none-eabi/lib/thumb/v7-m/nofp\libg.a(lib_a-vfiprintf.o)
                0x0800b23c                __sprint_r
 .text._vfiprintf_r
                0x0800b250      0xd98 c:/clion_stm32/gcc-arm-none-eabi-10.3-2021.10/bin/../lib/gcc/arm-none-eabi/10.3.1/../../../../arm-none-eabi/lib/thumb/v7-m/nofp\libg.a(lib_a-vfiprintf.o)
                0x0800b250                _vfiprintf_r
 .text.__sbprintf
                0x0800bfe8       0x84 c:/clion_stm32/gcc-arm-none-eabi-10.3-2021.10/bin/../lib/gcc/arm-none-eabi/10.3.1/../../../../arm-none-eabi/lib/thumb/v7-m/nofp\libg.a(lib_a-vfiprintf.o)
 .text._write_r
                0x0800c06c       0x2c c:/clion_stm32/gcc-arm-none-eabi-10.3-2021.10/bin/../lib/gcc/arm-none-eabi/10.3.1/../../../../arm-none-eabi/lib/thumb/v7-m/nofp\libg.a(lib_a-writer.o)
                0x0800c06c                _write_r
 .text.__register_exitproc
                0x0800c098       0x8c c:/clion_stm32/gcc-arm-none-eabi-10.3-2021.10/bin/../lib/gcc/arm-none-eabi/10.3.1/../../../../arm-none-eabi/lib/thumb/v7-m/nofp\libg.a(lib_a-__atexit.o)
                0x0800c098                __register_exitproc
 .text.__assert_func
                0x0800c124       0x40 c:/clion_stm32/gcc-arm-none-eabi-10.3-2021.10/bin/../lib/gcc/arm-none-eabi/10.3.1/../../../../arm-none-eabi/lib/thumb/v7-m/nofp\libg.a(lib_a-assert.o)
                0x0800c124                __assert_func
 .text._calloc_r
                0x0800c164       0x78 c:/clion_stm32/gcc-arm-none-eabi-10.3-2021.10/bin/../lib/gcc/arm-none-eabi/10.3.1/../../../../arm-none-eabi/lib/thumb/v7-m/nofp\libg.a(lib_a-callocr.o)
                0x0800c164                _calloc_r
 .text._close_r
                0x0800c1dc       0x24 c:/clion_stm32/gcc-arm-none-eabi-10.3-2021.10/bin/../lib/gcc/arm-none-eabi/10.3.1/../../../../arm-none-eabi/lib/thumb/v7-m/nofp\libg.a(lib_a-closer.o)
                0x0800c1dc                _close_r
 .text._fclose_r
                0x0800c200       0xcc c:/clion_stm32/gcc-arm-none-eabi-10.3-2021.10/bin/../lib/gcc/arm-none-eabi/10.3.1/../../../../arm-none-eabi/lib/thumb/v7-m/nofp\libg.a(lib_a-fclose.o)
                0x0800c200                _fclose_r
 .text.fiprintf
                0x0800c2cc       0x28 c:/clion_stm32/gcc-arm-none-eabi-10.3-2021.10/bin/../lib/gcc/arm-none-eabi/10.3.1/../../../../arm-none-eabi/lib/thumb/v7-m/nofp\libg.a(lib_a-fiprintf.o)
                0x0800c2cc                fiprintf
 .text.__fputwc
                0x0800c2f4       0xa0 c:/clion_stm32/gcc-arm-none-eabi-10.3-2021.10/bin/../lib/gcc/arm-none-eabi/10.3.1/../../../../arm-none-eabi/lib/thumb/v7-m/nofp\libg.a(lib_a-fputwc.o)
                0x0800c2f4                __fputwc
 .text._fputwc_r
                0x0800c394       0x68 c:/clion_stm32/gcc-arm-none-eabi-10.3-2021.10/bin/../lib/gcc/arm-none-eabi/10.3.1/../../../../arm-none-eabi/lib/thumb/v7-m/nofp\libg.a(lib_a-fputwc.o)
                0x0800c394                _fputwc_r
 .text._fstat_r
                0x0800c3fc       0x28 c:/clion_stm32/gcc-arm-none-eabi-10.3-2021.10/bin/../lib/gcc/arm-none-eabi/10.3.1/../../../../arm-none-eabi/lib/thumb/v7-m/nofp\libg.a(lib_a-fstatr.o)
                0x0800c3fc                _fstat_r
 .text._isatty_r
                0x0800c424       0x24 c:/clion_stm32/gcc-arm-none-eabi-10.3-2021.10/bin/../lib/gcc/arm-none-eabi/10.3.1/../../../../arm-none-eabi/lib/thumb/v7-m/nofp\libg.a(lib_a-isattyr.o)
                0x0800c424                _isatty_r
 .text.__locale_mb_cur_max
                0x0800c448        0xc c:/clion_stm32/gcc-arm-none-eabi-10.3-2021.10/bin/../lib/gcc/arm-none-eabi/10.3.1/../../../../arm-none-eabi/lib/thumb/v7-m/nofp\libg.a(lib_a-locale.o)
                0x0800c448                __locale_mb_cur_max
 .text._lseek_r
                0x0800c454       0x2c c:/clion_stm32/gcc-arm-none-eabi-10.3-2021.10/bin/../lib/gcc/arm-none-eabi/10.3.1/../../../../arm-none-eabi/lib/thumb/v7-m/nofp\libg.a(lib_a-lseekr.o)
                0x0800c454                _lseek_r
 .text.__ascii_mbtowc
                0x0800c480       0x2c c:/clion_stm32/gcc-arm-none-eabi-10.3-2021.10/bin/../lib/gcc/arm-none-eabi/10.3.1/../../../../arm-none-eabi/lib/thumb/v7-m/nofp\libg.a(lib_a-mbtowc_r.o)
                0x0800c480                __ascii_mbtowc
 .text._read_r  0x0800c4ac       0x2c c:/clion_stm32/gcc-arm-none-eabi-10.3-2021.10/bin/../lib/gcc/arm-none-eabi/10.3.1/../../../../arm-none-eabi/lib/thumb/v7-m/nofp\libg.a(lib_a-readr.o)
                0x0800c4ac                _read_r
 .text.__swbuf_r
                0x0800c4d8       0xb0 c:/clion_stm32/gcc-arm-none-eabi-10.3-2021.10/bin/../lib/gcc/arm-none-eabi/10.3.1/../../../../arm-none-eabi/lib/thumb/v7-m/nofp\libg.a(lib_a-wbuf.o)
                0x0800c4d8                __swbuf_r
 .text._wcrtomb_r
                0x0800c588       0x3c c:/clion_stm32/gcc-arm-none-eabi-10.3-2021.10/bin/../lib/gcc/arm-none-eabi/10.3.1/../../../../arm-none-eabi/lib/thumb/v7-m/nofp\libg.a(lib_a-wcrtomb.o)
                0x0800c588                _wcrtomb_r
 .text.__ascii_wctomb
                0x0800c5c4       0x1c c:/clion_stm32/gcc-arm-none-eabi-10.3-2021.10/bin/../lib/gcc/arm-none-eabi/10.3.1/../../../../arm-none-eabi/lib/thumb/v7-m/nofp\libg.a(lib_a-wctomb_r.o)
                0x0800c5c4                __ascii_wctomb
 .text.abort    0x0800c5e0       0x10 c:/clion_stm32/gcc-arm-none-eabi-10.3-2021.10/bin/../lib/gcc/arm-none-eabi/10.3.1/../../../../arm-none-eabi/lib/thumb/v7-m/nofp\libg.a(lib_a-abort.o)
                0x0800c5e0                abort
 .text.raise    0x0800c5f0       0x5c c:/clion_stm32/gcc-arm-none-eabi-10.3-2021.10/bin/../lib/gcc/arm-none-eabi/10.3.1/../../../../arm-none-eabi/lib/thumb/v7-m/nofp\libg.a(lib_a-signal.o)
                0x0800c5f0                raise
 .text._kill_r  0x0800c64c       0x28 c:/clion_stm32/gcc-arm-none-eabi-10.3-2021.10/bin/../lib/gcc/arm-none-eabi/10.3.1/../../../../arm-none-eabi/lib/thumb/v7-m/nofp\libg.a(lib_a-signalr.o)
                0x0800c64c                _kill_r
 .text._getpid_r
                0x0800c674        0x4 c:/clion_stm32/gcc-arm-none-eabi-10.3-2021.10/bin/../lib/gcc/arm-none-eabi/10.3.1/../../../../arm-none-eabi/lib/thumb/v7-m/nofp\libg.a(lib_a-signalr.o)
                0x0800c674                _getpid_r
 .text.asin     0x0800c678       0x50 c:/clion_stm32/gcc-arm-none-eabi-10.3-2021.10/bin/../lib/gcc/arm-none-eabi/10.3.1/../../../../arm-none-eabi/lib/thumb/v7-m/nofp\libm.a(lib_a-w_asin.o)
                0x0800c678                asin
 .text.__ieee754_asin
                0x0800c6c8      0x474 c:/clion_stm32/gcc-arm-none-eabi-10.3-2021.10/bin/../lib/gcc/arm-none-eabi/10.3.1/../../../../arm-none-eabi/lib/thumb/v7-m/nofp\libm.a(lib_a-e_asin.o)
                0x0800c6c8                __ieee754_asin
 .text.__ieee754_sqrt
                0x0800cb3c      0x18c c:/clion_stm32/gcc-arm-none-eabi-10.3-2021.10/bin/../lib/gcc/arm-none-eabi/10.3.1/../../../../arm-none-eabi/lib/thumb/v7-m/nofp\libm.a(lib_a-e_sqrt.o)
                0x0800cb3c                __ieee754_sqrt
 .text.fabs     0x0800ccc8        0x8 c:/clion_stm32/gcc-arm-none-eabi-10.3-2021.10/bin/../lib/gcc/arm-none-eabi/10.3.1/../../../../arm-none-eabi/lib/thumb/v7-m/nofp\libm.a(lib_a-s_fabs.o)
                0x0800ccc8                fabs
 .text.nan      0x0800ccd0        0xc c:/clion_stm32/gcc-arm-none-eabi-10.3-2021.10/bin/../lib/gcc/arm-none-eabi/10.3.1/../../../../arm-none-eabi/lib/thumb/v7-m/nofp\libm.a(lib_a-s_nan.o)
                0x0800ccd0                nan
 *(.glue_7)
 .glue_7        0x0800ccdc        0x0 linker stubs
 *(.glue_7t)
 .glue_7t       0x0800ccdc        0x0 linker stubs
 *(.eh_frame)
 .eh_frame      0x0800ccdc        0x0 c:/clion_stm32/gcc-arm-none-eabi-10.3-2021.10/bin/../lib/gcc/arm-none-eabi/10.3.1/thumb/v7-m/nofp/crtbegin.o
 *(.init)
 .init          0x0800ccdc        0x4 c:/clion_stm32/gcc-arm-none-eabi-10.3-2021.10/bin/../lib/gcc/arm-none-eabi/10.3.1/thumb/v7-m/nofp/crti.o
                0x0800ccdc                _init
 .init          0x0800cce0        0x8 c:/clion_stm32/gcc-arm-none-eabi-10.3-2021.10/bin/../lib/gcc/arm-none-eabi/10.3.1/thumb/v7-m/nofp/crtn.o
 *(.fini)
 .fini          0x0800cce8        0x4 c:/clion_stm32/gcc-arm-none-eabi-10.3-2021.10/bin/../lib/gcc/arm-none-eabi/10.3.1/thumb/v7-m/nofp/crti.o
                0x0800cce8                _fini
 .fini          0x0800ccec        0x8 c:/clion_stm32/gcc-arm-none-eabi-10.3-2021.10/bin/../lib/gcc/arm-none-eabi/10.3.1/thumb/v7-m/nofp/crtn.o
                0x0800ccf4                . = ALIGN (0x4)
                0x0800ccf4                _etext = .

.vfp11_veneer   0x0800ccf4        0x0
 .vfp11_veneer  0x0800ccf4        0x0 linker stubs

.v4_bx          0x0800ccf4        0x0
 .v4_bx         0x0800ccf4        0x0 linker stubs

.iplt           0x0800ccf4        0x0
 .iplt          0x0800ccf4        0x0 c:/clion_stm32/gcc-arm-none-eabi-10.3-2021.10/bin/../lib/gcc/arm-none-eabi/10.3.1/thumb/v7-m/nofp/crtbegin.o

.rodata         0x0800ccf8     0x19b0
                0x0800ccf8                . = ALIGN (0x4)
 *(.rodata)
 *(.rodata*)
 .rodata.mpu_init.str1.4
                0x0800ccf8       0x91 CMakeFiles/BalanceCar.elf.dir/Core/Src/inv_mpu.c.obj
 *fill*         0x0800cd89        0x3 
 .rodata.hw     0x0800cd8c        0xc CMakeFiles/BalanceCar.elf.dir/Core/Src/inv_mpu.c.obj
                0x0800cd8c                hw
 .rodata.reg    0x0800cd98       0x1b CMakeFiles/BalanceCar.elf.dir/Core/Src/inv_mpu.c.obj
                0x0800cd98                reg
 *fill*         0x0800cdb3        0x1 
 .rodata.test   0x0800cdb4       0x28 CMakeFiles/BalanceCar.elf.dir/Core/Src/inv_mpu.c.obj
                0x0800cdb4                test
 .rodata.dmp_set_orientation.str1.4
                0x0800cddc       0x10 CMakeFiles/BalanceCar.elf.dir/Core/Src/inv_mpu_dmp_motion_driver.c.obj
 .rodata.dmp_set_fifo_rate.str1.4
                0x0800cdec        0xd CMakeFiles/BalanceCar.elf.dir/Core/Src/inv_mpu_dmp_motion_driver.c.obj
 *fill*         0x0800cdf9        0x3 
 .rodata.dmp_enable_gyro_cal.str1.4
                0x0800cdfc       0x16 CMakeFiles/BalanceCar.elf.dir/Core/Src/inv_mpu_dmp_motion_driver.c.obj
 *fill*         0x0800ce12        0x2 
 .rodata.dmp_memory
                0x0800ce14      0xbf6 CMakeFiles/BalanceCar.elf.dir/Core/Src/inv_mpu_dmp_motion_driver.c.obj
 *fill*         0x0800da0a        0x2 
 .rodata.main.str1.4
                0x0800da0c       0x3a CMakeFiles/BalanceCar.elf.dir/Core/Src/main.c.obj
 *fill*         0x0800da46        0x2 
 .rodata.F6x8   0x0800da48      0x228 CMakeFiles/BalanceCar.elf.dir/Core/Src/oled.c.obj
                0x0800da48                F6x8
 .rodata.F8X16  0x0800dc70      0x5f0 CMakeFiles/BalanceCar.elf.dir/Core/Src/oled.c.obj
                0x0800dc70                F8X16
 .rodata.OLED_init_cmd
                0x0800e260       0x19 CMakeFiles/BalanceCar.elf.dir/Core/Src/oled.c.obj
                0x0800e260                OLED_init_cmd
 *fill*         0x0800e279        0x3 
 .rodata.AHBPrescTable
                0x0800e27c       0x10 CMakeFiles/BalanceCar.elf.dir/Core/Src/system_stm32f1xx.c.obj
                0x0800e27c                AHBPrescTable
 .rodata.APBPrescTable
                0x0800e28c        0x8 CMakeFiles/BalanceCar.elf.dir/Core/Src/system_stm32f1xx.c.obj
                0x0800e28c                APBPrescTable
 .rodata.HAL_RCC_GetSysClockFreq.str1.4
                0x0800e294       0x11 CMakeFiles/BalanceCar.elf.dir/Drivers/STM32F1xx_HAL_Driver/Src/stm32f1xx_hal_rcc.c.obj
 *fill*         0x0800e2a5        0x3 
 .rodata._global_impure_ptr
                0x0800e2a8        0x4 c:/clion_stm32/gcc-arm-none-eabi-10.3-2021.10/bin/../lib/gcc/arm-none-eabi/10.3.1/../../../../arm-none-eabi/lib/thumb/v7-m/nofp\libg.a(lib_a-impure.o)
                0x0800e2a8                _global_impure_ptr
 .rodata._puts_r.str1.4
                0x0800e2ac       0x11 c:/clion_stm32/gcc-arm-none-eabi-10.3-2021.10/bin/../lib/gcc/arm-none-eabi/10.3.1/../../../../arm-none-eabi/lib/thumb/v7-m/nofp\libg.a(lib_a-puts.o)
                                  0x2 (size before relaxing)
 .rodata._vfprintf_r.str1.4
                0x0800e2ac       0x42 c:/clion_stm32/gcc-arm-none-eabi-10.3-2021.10/bin/../lib/gcc/arm-none-eabi/10.3.1/../../../../arm-none-eabi/lib/thumb/v7-m/nofp\libg.a(lib_a-vfprintf.o)
 *fill*         0x0800e2ee        0x2 
 .rodata.blanks.1
                0x0800e2f0       0x10 c:/clion_stm32/gcc-arm-none-eabi-10.3-2021.10/bin/../lib/gcc/arm-none-eabi/10.3.1/../../../../arm-none-eabi/lib/thumb/v7-m/nofp\libg.a(lib_a-vfprintf.o)
 .rodata.zeroes.0
                0x0800e300       0x10 c:/clion_stm32/gcc-arm-none-eabi-10.3-2021.10/bin/../lib/gcc/arm-none-eabi/10.3.1/../../../../arm-none-eabi/lib/thumb/v7-m/nofp\libg.a(lib_a-vfprintf.o)
 .rodata._dtoa_r.str1.4
                0x0800e310       0xa2 c:/clion_stm32/gcc-arm-none-eabi-10.3-2021.10/bin/../lib/gcc/arm-none-eabi/10.3.1/../../../../arm-none-eabi/lib/thumb/v7-m/nofp\libg.a(lib_a-dtoa.o)
                                 0xa6 (size before relaxing)
 *fill*         0x0800e3b2        0x2 
 .rodata.__multadd.str1.4
                0x0800e3b4       0x7f c:/clion_stm32/gcc-arm-none-eabi-10.3-2021.10/bin/../lib/gcc/arm-none-eabi/10.3.1/../../../../arm-none-eabi/lib/thumb/v7-m/nofp\libg.a(lib_a-mprec.o)
                                 0x93 (size before relaxing)
 *fill*         0x0800e433        0x5 
 .rodata.__mprec_bigtens
                0x0800e438       0x28 c:/clion_stm32/gcc-arm-none-eabi-10.3-2021.10/bin/../lib/gcc/arm-none-eabi/10.3.1/../../../../arm-none-eabi/lib/thumb/v7-m/nofp\libg.a(lib_a-mprec.o)
                0x0800e438                __mprec_bigtens
 .rodata.__mprec_tens
                0x0800e460       0xc8 c:/clion_stm32/gcc-arm-none-eabi-10.3-2021.10/bin/../lib/gcc/arm-none-eabi/10.3.1/../../../../arm-none-eabi/lib/thumb/v7-m/nofp\libg.a(lib_a-mprec.o)
                0x0800e460                __mprec_tens
 .rodata.p05.0  0x0800e528        0xc c:/clion_stm32/gcc-arm-none-eabi-10.3-2021.10/bin/../lib/gcc/arm-none-eabi/10.3.1/../../../../arm-none-eabi/lib/thumb/v7-m/nofp\libg.a(lib_a-mprec.o)
 .rodata._vfiprintf_r.str1.4
                0x0800e534       0x2f c:/clion_stm32/gcc-arm-none-eabi-10.3-2021.10/bin/../lib/gcc/arm-none-eabi/10.3.1/../../../../arm-none-eabi/lib/thumb/v7-m/nofp\libg.a(lib_a-vfiprintf.o)
 .rodata.blanks.1
                0x0800e534       0x10 c:/clion_stm32/gcc-arm-none-eabi-10.3-2021.10/bin/../lib/gcc/arm-none-eabi/10.3.1/../../../../arm-none-eabi/lib/thumb/v7-m/nofp\libg.a(lib_a-vfiprintf.o)
 .rodata.zeroes.0
                0x0800e544       0x10 c:/clion_stm32/gcc-arm-none-eabi-10.3-2021.10/bin/../lib/gcc/arm-none-eabi/10.3.1/../../../../arm-none-eabi/lib/thumb/v7-m/nofp\libg.a(lib_a-vfiprintf.o)
 .rodata.__assert_func.str1.4
                0x0800e554       0x3f c:/clion_stm32/gcc-arm-none-eabi-10.3-2021.10/bin/../lib/gcc/arm-none-eabi/10.3.1/../../../../arm-none-eabi/lib/thumb/v7-m/nofp\libg.a(lib_a-assert.o)
                                 0x43 (size before relaxing)
 *fill*         0x0800e593        0x1 
 .rodata._setlocale_r.str1.4
                0x0800e594        0xa c:/clion_stm32/gcc-arm-none-eabi-10.3-2021.10/bin/../lib/gcc/arm-none-eabi/10.3.1/../../../../arm-none-eabi/lib/thumb/v7-m/nofp\libg.a(lib_a-locale.o)
                                  0xd (size before relaxing)
 *fill*         0x0800e59e        0x2 
 .rodata.str1.4
                0x0800e5a0        0x2 c:/clion_stm32/gcc-arm-none-eabi-10.3-2021.10/bin/../lib/gcc/arm-none-eabi/10.3.1/../../../../arm-none-eabi/lib/thumb/v7-m/nofp\libg.a(lib_a-locale.o)
 *fill*         0x0800e5a2        0x2 
 .rodata._ctype_
                0x0800e5a4      0x101 c:/clion_stm32/gcc-arm-none-eabi-10.3-2021.10/bin/../lib/gcc/arm-none-eabi/10.3.1/../../../../arm-none-eabi/lib/thumb/v7-m/nofp\libg.a(lib_a-ctype_.o)
                0x0800e5a4                _ctype_
 .rodata.asin.str1.4
                0x0800e6a5        0x1 c:/clion_stm32/gcc-arm-none-eabi-10.3-2021.10/bin/../lib/gcc/arm-none-eabi/10.3.1/../../../../arm-none-eabi/lib/thumb/v7-m/nofp\libm.a(lib_a-w_asin.o)
                0x0800e6a8                . = ALIGN (0x4)
 *fill*         0x0800e6a5        0x3 

.ARM.extab
 *(.ARM.extab* .gnu.linkonce.armextab.*)

.ARM            0x0800e6a8        0x8
                0x0800e6a8                __exidx_start = .
 *(.ARM.exidx*)
 .ARM.exidx     0x0800e6a8        0x8 c:/clion_stm32/gcc-arm-none-eabi-10.3-2021.10/bin/../lib/gcc/arm-none-eabi/10.3.1/thumb/v7-m/nofp\libgcc.a(_udivmoddi4.o)
                0x0800e6b0                __exidx_end = .

.rel.dyn        0x0800e6b0        0x0
 .rel.iplt      0x0800e6b0        0x0 c:/clion_stm32/gcc-arm-none-eabi-10.3-2021.10/bin/../lib/gcc/arm-none-eabi/10.3.1/thumb/v7-m/nofp/crtbegin.o

.preinit_array  0x0800e6b0        0x0
                0x0800e6b0                PROVIDE (__preinit_array_start = .)
 *(.preinit_array*)
                0x0800e6b0                PROVIDE (__preinit_array_end = .)

.init_array     0x0800e6b0        0x8
                0x0800e6b0                PROVIDE (__init_array_start = .)
 *(SORT_BY_NAME(.init_array.*))
 .init_array.00000
                0x0800e6b0        0x4 c:/clion_stm32/gcc-arm-none-eabi-10.3-2021.10/bin/../lib/gcc/arm-none-eabi/10.3.1/../../../../arm-none-eabi/lib/thumb/v7-m/nofp\libg.a(lib_a-__call_atexit.o)
 *(.init_array*)
 .init_array    0x0800e6b4        0x4 c:/clion_stm32/gcc-arm-none-eabi-10.3-2021.10/bin/../lib/gcc/arm-none-eabi/10.3.1/thumb/v7-m/nofp/crtbegin.o
                0x0800e6b8                PROVIDE (__init_array_end = .)

.fini_array     0x0800e6b8        0x4
                0x0800e6b8                PROVIDE (__fini_array_start = .)
 *(SORT_BY_NAME(.fini_array.*))
 *(.fini_array*)
 .fini_array    0x0800e6b8        0x4 c:/clion_stm32/gcc-arm-none-eabi-10.3-2021.10/bin/../lib/gcc/arm-none-eabi/10.3.1/thumb/v7-m/nofp/crtbegin.o
                0x0800e6bc                PROVIDE (__fini_array_end = .)
                0x0800e6bc                _sidata = LOADADDR (.data)

.data           0x20000000      0x9f0 load address 0x0800e6bc
                0x20000000                . = ALIGN (0x4)
                0x20000000                _sdata = .
 *(.data)
 *(.data*)
 .data.gyro_orientation
                0x20000000        0x9 CMakeFiles/BalanceCar.elf.dir/Core/Src/inv_mpu.c.obj
 *fill*         0x20000009        0x3 
 .data.st       0x2000000c       0x2c CMakeFiles/BalanceCar.elf.dir/Core/Src/inv_mpu.c.obj
 .data.SystemCoreClock
                0x20000038        0x4 CMakeFiles/BalanceCar.elf.dir/Core/Src/system_stm32f1xx.c.obj
                0x20000038                SystemCoreClock
 .data.uwTickFreq
                0x2000003c        0x1 CMakeFiles/BalanceCar.elf.dir/Drivers/STM32F1xx_HAL_Driver/Src/stm32f1xx_hal.c.obj
                0x2000003c                uwTickFreq
 *fill*         0x2000003d        0x3 
 .data.uwTickPrio
                0x20000040        0x4 CMakeFiles/BalanceCar.elf.dir/Drivers/STM32F1xx_HAL_Driver/Src/stm32f1xx_hal.c.obj
                0x20000040                uwTickPrio
 .data._impure_ptr
                0x20000044        0x4 c:/clion_stm32/gcc-arm-none-eabi-10.3-2021.10/bin/../lib/gcc/arm-none-eabi/10.3.1/../../../../arm-none-eabi/lib/thumb/v7-m/nofp\libg.a(lib_a-impure.o)
                0x20000044                _impure_ptr
 .data.impure_data
                0x20000048      0x428 c:/clion_stm32/gcc-arm-none-eabi-10.3-2021.10/bin/../lib/gcc/arm-none-eabi/10.3.1/../../../../arm-none-eabi/lib/thumb/v7-m/nofp\libg.a(lib_a-impure.o)
 .data.__atexit_recursive_mutex
                0x20000470        0x4 c:/clion_stm32/gcc-arm-none-eabi-10.3-2021.10/bin/../lib/gcc/arm-none-eabi/10.3.1/../../../../arm-none-eabi/lib/thumb/v7-m/nofp\libg.a(lib_a-__call_atexit.o)
                0x20000470                __atexit_recursive_mutex
 .data.__malloc_av_
                0x20000474      0x408 c:/clion_stm32/gcc-arm-none-eabi-10.3-2021.10/bin/../lib/gcc/arm-none-eabi/10.3.1/../../../../arm-none-eabi/lib/thumb/v7-m/nofp\libg.a(lib_a-mallocr.o)
                0x20000474                __malloc_av_
 .data.__malloc_sbrk_base
                0x2000087c        0x4 c:/clion_stm32/gcc-arm-none-eabi-10.3-2021.10/bin/../lib/gcc/arm-none-eabi/10.3.1/../../../../arm-none-eabi/lib/thumb/v7-m/nofp\libg.a(lib_a-mallocr.o)
                0x2000087c                __malloc_sbrk_base
 .data.__malloc_trim_threshold
                0x20000880        0x4 c:/clion_stm32/gcc-arm-none-eabi-10.3-2021.10/bin/../lib/gcc/arm-none-eabi/10.3.1/../../../../arm-none-eabi/lib/thumb/v7-m/nofp\libg.a(lib_a-mallocr.o)
                0x20000880                __malloc_trim_threshold
 .data.__global_locale
                0x20000884      0x16c c:/clion_stm32/gcc-arm-none-eabi-10.3-2021.10/bin/../lib/gcc/arm-none-eabi/10.3.1/../../../../arm-none-eabi/lib/thumb/v7-m/nofp\libg.a(lib_a-locale.o)
                0x20000884                __global_locale
                0x200009f0                . = ALIGN (0x4)
                0x200009f0                _edata = .

.igot.plt       0x200009f0        0x0 load address 0x0800f0ac
 .igot.plt      0x200009f0        0x0 c:/clion_stm32/gcc-arm-none-eabi-10.3-2021.10/bin/../lib/gcc/arm-none-eabi/10.3.1/thumb/v7-m/nofp/crtbegin.o
                0x200009f0                . = ALIGN (0x4)

.bss            0x200009f0      0x1b0 load address 0x0800f0ac
                0x200009f0                _sbss = .
                0x200009f0                __bss_start__ = _sbss
 *(.bss)
 .bss           0x200009f0       0x1c c:/clion_stm32/gcc-arm-none-eabi-10.3-2021.10/bin/../lib/gcc/arm-none-eabi/10.3.1/thumb/v7-m/nofp/crtbegin.o
 *(.bss*)
 .bss.fac_us    0x20000a0c        0x4 CMakeFiles/BalanceCar.elf.dir/Core/Src/delay.c.obj
 .bss.dmp       0x20000a10       0x10 CMakeFiles/BalanceCar.elf.dir/Core/Src/inv_mpu_dmp_motion_driver.c.obj
 .bss.Encoder.2
                0x20000a20        0x4 CMakeFiles/BalanceCar.elf.dir/Core/Src/pid.c.obj
 .bss.Encoder_Integral.1
                0x20000a24        0x4 CMakeFiles/BalanceCar.elf.dir/Core/Src/pid.c.obj
 .bss.Encoder_Least.3
                0x20000a28        0x4 CMakeFiles/BalanceCar.elf.dir/Core/Src/pid.c.obj
 .bss.PWM.0     0x20000a2c        0x4 CMakeFiles/BalanceCar.elf.dir/Core/Src/pid.c.obj
 .bss.gHuart    0x20000a30        0x4 CMakeFiles/BalanceCar.elf.dir/Core/Src/retarget.c.obj
                0x20000a30                gHuart
 .bss.heap_end.0
                0x20000a34        0x4 CMakeFiles/BalanceCar.elf.dir/Core/Src/syscalls.c.obj
 .bss.htim2     0x20000a38       0x48 CMakeFiles/BalanceCar.elf.dir/Core/Src/tim.c.obj
                0x20000a38                htim2
 .bss.htim3     0x20000a80       0x48 CMakeFiles/BalanceCar.elf.dir/Core/Src/tim.c.obj
                0x20000a80                htim3
 .bss.htim4     0x20000ac8       0x48 CMakeFiles/BalanceCar.elf.dir/Core/Src/tim.c.obj
                0x20000ac8                htim4
 .bss.huart2    0x20000b10       0x44 CMakeFiles/BalanceCar.elf.dir/Core/Src/usart.c.obj
                0x20000b10                huart2
 .bss.uwTick    0x20000b54        0x4 CMakeFiles/BalanceCar.elf.dir/Drivers/STM32F1xx_HAL_Driver/Src/stm32f1xx_hal.c.obj
                0x20000b54                uwTick
 .bss.__lock___atexit_recursive_mutex
                0x20000b58        0x1 c:/clion_stm32/gcc-arm-none-eabi-10.3-2021.10/bin/../lib/gcc/arm-none-eabi/10.3.1/../../../../arm-none-eabi/lib/thumb/v7-m/nofp\libg.a(lib_a-lock.o)
                0x20000b58                __lock___atexit_recursive_mutex
 *fill*         0x20000b59        0x3 
 .bss.__lock___malloc_recursive_mutex
                0x20000b5c        0x1 c:/clion_stm32/gcc-arm-none-eabi-10.3-2021.10/bin/../lib/gcc/arm-none-eabi/10.3.1/../../../../arm-none-eabi/lib/thumb/v7-m/nofp\libg.a(lib_a-lock.o)
                0x20000b5c                __lock___malloc_recursive_mutex
 *fill*         0x20000b5d        0x3 
 .bss.__lock___sfp_recursive_mutex
                0x20000b60        0x1 c:/clion_stm32/gcc-arm-none-eabi-10.3-2021.10/bin/../lib/gcc/arm-none-eabi/10.3.1/../../../../arm-none-eabi/lib/thumb/v7-m/nofp\libg.a(lib_a-lock.o)
                0x20000b60                __lock___sfp_recursive_mutex
 *fill*         0x20000b61        0x3 
 .bss.__lock___sinit_recursive_mutex
                0x20000b64        0x1 c:/clion_stm32/gcc-arm-none-eabi-10.3-2021.10/bin/../lib/gcc/arm-none-eabi/10.3.1/../../../../arm-none-eabi/lib/thumb/v7-m/nofp\libg.a(lib_a-lock.o)
                0x20000b64                __lock___sinit_recursive_mutex
 *fill*         0x20000b65        0x3 
 .bss.__malloc_current_mallinfo
                0x20000b68       0x28 c:/clion_stm32/gcc-arm-none-eabi-10.3-2021.10/bin/../lib/gcc/arm-none-eabi/10.3.1/../../../../arm-none-eabi/lib/thumb/v7-m/nofp\libg.a(lib_a-mallocr.o)
                0x20000b68                __malloc_current_mallinfo
 .bss.__malloc_max_sbrked_mem
                0x20000b90        0x4 c:/clion_stm32/gcc-arm-none-eabi-10.3-2021.10/bin/../lib/gcc/arm-none-eabi/10.3.1/../../../../arm-none-eabi/lib/thumb/v7-m/nofp\libg.a(lib_a-mallocr.o)
                0x20000b90                __malloc_max_sbrked_mem
 .bss.__malloc_max_total_mem
                0x20000b94        0x4 c:/clion_stm32/gcc-arm-none-eabi-10.3-2021.10/bin/../lib/gcc/arm-none-eabi/10.3.1/../../../../arm-none-eabi/lib/thumb/v7-m/nofp\libg.a(lib_a-mallocr.o)
                0x20000b94                __malloc_max_total_mem
 .bss.__malloc_top_pad
                0x20000b98        0x4 c:/clion_stm32/gcc-arm-none-eabi-10.3-2021.10/bin/../lib/gcc/arm-none-eabi/10.3.1/../../../../arm-none-eabi/lib/thumb/v7-m/nofp\libg.a(lib_a-mallocr.o)
                0x20000b98                __malloc_top_pad
 .bss.errno     0x20000b9c        0x4 c:/clion_stm32/gcc-arm-none-eabi-10.3-2021.10/bin/../lib/gcc/arm-none-eabi/10.3.1/../../../../arm-none-eabi/lib/thumb/v7-m/nofp\libg.a(lib_a-reent.o)
                0x20000b9c                errno
 *(COMMON)
                0x20000ba0                . = ALIGN (0x4)
                0x20000ba0                _ebss = .
                0x20000ba0                __bss_end__ = _ebss

._user_heap_stack
                0x20000ba0      0x600 load address 0x0800f0ac
                0x20000ba0                . = ALIGN (0x8)
                0x20000ba0                PROVIDE (end = .)
                [!provide]                PROVIDE (_end = .)
                0x20000da0                . = (. + _Min_Heap_Size)
 *fill*         0x20000ba0      0x200 
                0x200011a0                . = (. + _Min_Stack_Size)
 *fill*         0x20000da0      0x400 
                0x200011a0                . = ALIGN (0x8)

/DISCARD/
 libc.a(*)
 libm.a(*)
 libgcc.a(*)

.ARM.attributes
                0x00000000       0x29
 *(.ARM.attributes)
 .ARM.attributes
                0x00000000       0x1d c:/clion_stm32/gcc-arm-none-eabi-10.3-2021.10/bin/../lib/gcc/arm-none-eabi/10.3.1/thumb/v7-m/nofp/crti.o
 .ARM.attributes
                0x0000001d       0x2d c:/clion_stm32/gcc-arm-none-eabi-10.3-2021.10/bin/../lib/gcc/arm-none-eabi/10.3.1/thumb/v7-m/nofp/crtbegin.o
 .ARM.attributes
                0x0000004a       0x2d CMakeFiles/BalanceCar.elf.dir/Core/Src/control.c.obj
 .ARM.attributes
                0x00000077       0x2d CMakeFiles/BalanceCar.elf.dir/Core/Src/delay.c.obj
 .ARM.attributes
                0x000000a4       0x2d CMakeFiles/BalanceCar.elf.dir/Core/Src/encoder.c.obj
 .ARM.attributes
                0x000000d1       0x2d CMakeFiles/BalanceCar.elf.dir/Core/Src/gpio.c.obj
 .ARM.attributes
                0x000000fe       0x2d CMakeFiles/BalanceCar.elf.dir/Core/Src/inv_mpu.c.obj
 .ARM.attributes
                0x0000012b       0x2d CMakeFiles/BalanceCar.elf.dir/Core/Src/inv_mpu_dmp_motion_driver.c.obj
 .ARM.attributes
                0x00000158       0x2d CMakeFiles/BalanceCar.elf.dir/Core/Src/main.c.obj
 .ARM.attributes
                0x00000185       0x2d CMakeFiles/BalanceCar.elf.dir/Core/Src/motor.c.obj
 .ARM.attributes
                0x000001b2       0x2d CMakeFiles/BalanceCar.elf.dir/Core/Src/mpu6050.c.obj
 .ARM.attributes
                0x000001df       0x2d CMakeFiles/BalanceCar.elf.dir/Core/Src/mpuiic.c.obj
 .ARM.attributes
                0x0000020c       0x2d CMakeFiles/BalanceCar.elf.dir/Core/Src/myiic.c.obj
 .ARM.attributes
                0x00000239       0x2d CMakeFiles/BalanceCar.elf.dir/Core/Src/oled.c.obj
 .ARM.attributes
                0x00000266       0x2d CMakeFiles/BalanceCar.elf.dir/Core/Src/pid.c.obj
 .ARM.attributes
                0x00000293       0x2d CMakeFiles/BalanceCar.elf.dir/Core/Src/retarget.c.obj
 .ARM.attributes
                0x000002c0       0x2d CMakeFiles/BalanceCar.elf.dir/Core/Src/stm32f1xx_hal_msp.c.obj
 .ARM.attributes
                0x000002ed       0x2d CMakeFiles/BalanceCar.elf.dir/Core/Src/stm32f1xx_it.c.obj
 .ARM.attributes
                0x0000031a       0x2d CMakeFiles/BalanceCar.elf.dir/Core/Src/syscalls.c.obj
 .ARM.attributes
                0x00000347       0x2d CMakeFiles/BalanceCar.elf.dir/Core/Src/system_stm32f1xx.c.obj
 .ARM.attributes
                0x00000374       0x2d CMakeFiles/BalanceCar.elf.dir/Core/Src/tim.c.obj
 .ARM.attributes
                0x000003a1       0x2d CMakeFiles/BalanceCar.elf.dir/Core/Src/usart.c.obj
 .ARM.attributes
                0x000003ce       0x2d CMakeFiles/BalanceCar.elf.dir/Drivers/STM32F1xx_HAL_Driver/Src/stm32f1xx_hal.c.obj
 .ARM.attributes
                0x000003fb       0x2d CMakeFiles/BalanceCar.elf.dir/Drivers/STM32F1xx_HAL_Driver/Src/stm32f1xx_hal_cortex.c.obj
 .ARM.attributes
                0x00000428       0x2d CMakeFiles/BalanceCar.elf.dir/Drivers/STM32F1xx_HAL_Driver/Src/stm32f1xx_hal_gpio.c.obj
 .ARM.attributes
                0x00000455       0x2d CMakeFiles/BalanceCar.elf.dir/Drivers/STM32F1xx_HAL_Driver/Src/stm32f1xx_hal_rcc.c.obj
 .ARM.attributes
                0x00000482       0x2d CMakeFiles/BalanceCar.elf.dir/Drivers/STM32F1xx_HAL_Driver/Src/stm32f1xx_hal_tim.c.obj
 .ARM.attributes
                0x000004af       0x2d CMakeFiles/BalanceCar.elf.dir/Drivers/STM32F1xx_HAL_Driver/Src/stm32f1xx_hal_tim_ex.c.obj
 .ARM.attributes
                0x000004dc       0x2d CMakeFiles/BalanceCar.elf.dir/Drivers/STM32F1xx_HAL_Driver/Src/stm32f1xx_hal_uart.c.obj
 .ARM.attributes
                0x00000509       0x21 CMakeFiles/BalanceCar.elf.dir/startup/startup_stm32f103xb.s.obj
 .ARM.attributes
                0x0000052a       0x1d c:/clion_stm32/gcc-arm-none-eabi-10.3-2021.10/bin/../lib/gcc/arm-none-eabi/10.3.1/thumb/v7-m/nofp\libgcc.a(_arm_addsubdf3.o)
 .ARM.attributes
                0x00000547       0x1d c:/clion_stm32/gcc-arm-none-eabi-10.3-2021.10/bin/../lib/gcc/arm-none-eabi/10.3.1/thumb/v7-m/nofp\libgcc.a(_arm_muldivdf3.o)
 .ARM.attributes
                0x00000564       0x1d c:/clion_stm32/gcc-arm-none-eabi-10.3-2021.10/bin/../lib/gcc/arm-none-eabi/10.3.1/thumb/v7-m/nofp\libgcc.a(_arm_cmpdf2.o)
 .ARM.attributes
                0x00000581       0x1d c:/clion_stm32/gcc-arm-none-eabi-10.3-2021.10/bin/../lib/gcc/arm-none-eabi/10.3.1/thumb/v7-m/nofp\libgcc.a(_arm_fixdfsi.o)
 .ARM.attributes
                0x0000059e       0x1d c:/clion_stm32/gcc-arm-none-eabi-10.3-2021.10/bin/../lib/gcc/arm-none-eabi/10.3.1/thumb/v7-m/nofp\libgcc.a(_arm_fixunsdfsi.o)
 .ARM.attributes
                0x000005bb       0x1d c:/clion_stm32/gcc-arm-none-eabi-10.3-2021.10/bin/../lib/gcc/arm-none-eabi/10.3.1/thumb/v7-m/nofp\libgcc.a(_arm_truncdfsf2.o)
 .ARM.attributes
                0x000005d8       0x1d c:/clion_stm32/gcc-arm-none-eabi-10.3-2021.10/bin/../lib/gcc/arm-none-eabi/10.3.1/thumb/v7-m/nofp\libgcc.a(_arm_addsubsf3.o)
 .ARM.attributes
                0x000005f5       0x1d c:/clion_stm32/gcc-arm-none-eabi-10.3-2021.10/bin/../lib/gcc/arm-none-eabi/10.3.1/thumb/v7-m/nofp\libgcc.a(_arm_muldivsf3.o)
 .ARM.attributes
                0x00000612       0x1d c:/clion_stm32/gcc-arm-none-eabi-10.3-2021.10/bin/../lib/gcc/arm-none-eabi/10.3.1/thumb/v7-m/nofp\libgcc.a(_arm_cmpsf2.o)
 .ARM.attributes
                0x0000062f       0x1d c:/clion_stm32/gcc-arm-none-eabi-10.3-2021.10/bin/../lib/gcc/arm-none-eabi/10.3.1/thumb/v7-m/nofp\libgcc.a(_arm_fixsfsi.o)
 .ARM.attributes
                0x0000064c       0x1d c:/clion_stm32/gcc-arm-none-eabi-10.3-2021.10/bin/../lib/gcc/arm-none-eabi/10.3.1/thumb/v7-m/nofp\libgcc.a(_arm_fixunssfsi.o)
 .ARM.attributes
                0x00000669       0x1d c:/clion_stm32/gcc-arm-none-eabi-10.3-2021.10/bin/../lib/gcc/arm-none-eabi/10.3.1/thumb/v7-m/nofp\libgcc.a(_aeabi_ldivmod.o)
 .ARM.attributes
                0x00000686       0x2d c:/clion_stm32/gcc-arm-none-eabi-10.3-2021.10/bin/../lib/gcc/arm-none-eabi/10.3.1/thumb/v7-m/nofp\libgcc.a(_udivmoddi4.o)
 .ARM.attributes
                0x000006b3       0x1d c:/clion_stm32/gcc-arm-none-eabi-10.3-2021.10/bin/../lib/gcc/arm-none-eabi/10.3.1/thumb/v7-m/nofp\libgcc.a(_dvmd_tls.o)
 .ARM.attributes
                0x000006d0       0x2d c:/clion_stm32/gcc-arm-none-eabi-10.3-2021.10/bin/../lib/gcc/arm-none-eabi/10.3.1/../../../../arm-none-eabi/lib/thumb/v7-m/nofp\libg.a(lib_a-errno.o)
 .ARM.attributes
                0x000006fd       0x2d c:/clion_stm32/gcc-arm-none-eabi-10.3-2021.10/bin/../lib/gcc/arm-none-eabi/10.3.1/../../../../arm-none-eabi/lib/thumb/v7-m/nofp\libg.a(lib_a-impure.o)
 .ARM.attributes
                0x0000072a       0x2d c:/clion_stm32/gcc-arm-none-eabi-10.3-2021.10/bin/../lib/gcc/arm-none-eabi/10.3.1/../../../../arm-none-eabi/lib/thumb/v7-m/nofp\libg.a(lib_a-init.o)
 .ARM.attributes
                0x00000757       0x2d c:/clion_stm32/gcc-arm-none-eabi-10.3-2021.10/bin/../lib/gcc/arm-none-eabi/10.3.1/../../../../arm-none-eabi/lib/thumb/v7-m/nofp\libg.a(lib_a-memcmp.o)
 .ARM.attributes
                0x00000784       0x2d c:/clion_stm32/gcc-arm-none-eabi-10.3-2021.10/bin/../lib/gcc/arm-none-eabi/10.3.1/../../../../arm-none-eabi/lib/thumb/v7-m/nofp\libg.a(lib_a-memset.o)
 .ARM.attributes
                0x000007b1       0x2d c:/clion_stm32/gcc-arm-none-eabi-10.3-2021.10/bin/../lib/gcc/arm-none-eabi/10.3.1/../../../../arm-none-eabi/lib/thumb/v7-m/nofp\libg.a(lib_a-printf.o)
 .ARM.attributes
                0x000007de       0x2d c:/clion_stm32/gcc-arm-none-eabi-10.3-2021.10/bin/../lib/gcc/arm-none-eabi/10.3.1/../../../../arm-none-eabi/lib/thumb/v7-m/nofp\libg.a(lib_a-puts.o)
 .ARM.attributes
                0x0000080b       0x2d c:/clion_stm32/gcc-arm-none-eabi-10.3-2021.10/bin/../lib/gcc/arm-none-eabi/10.3.1/../../../../arm-none-eabi/lib/thumb/v7-m/nofp\libg.a(lib_a-setvbuf.o)
 .ARM.attributes
                0x00000838       0x2d c:/clion_stm32/gcc-arm-none-eabi-10.3-2021.10/bin/../lib/gcc/arm-none-eabi/10.3.1/../../../../arm-none-eabi/lib/thumb/v7-m/nofp\libg.a(lib_a-strlen-stub.o)
 .ARM.attributes
                0x00000865       0x2d c:/clion_stm32/gcc-arm-none-eabi-10.3-2021.10/bin/../lib/gcc/arm-none-eabi/10.3.1/../../../../arm-none-eabi/lib/thumb/v7-m/nofp\libg.a(lib_a-vfprintf.o)
 .ARM.attributes
                0x00000892       0x2d c:/clion_stm32/gcc-arm-none-eabi-10.3-2021.10/bin/../lib/gcc/arm-none-eabi/10.3.1/../../../../arm-none-eabi/lib/thumb/v7-m/nofp\libg.a(lib_a-wsetup.o)
 .ARM.attributes